Archive member included to satisfy reference by file (symbol)

G:/Programs/devkitPro/libnds/lib\libnds9.a(console.o)
                              app.o (consoleInit)
G:/Programs/devkitPro/libnds/lib\libnds9.a(keys.o)
                              app.o (scanKeys)
G:/Programs/devkitPro/libnds/lib\libnds9.a(initSystem.o)
                              g:/programs/devkitpro/devkitarm/bin/../lib/gcc/arm-none-eabi/8.3.0/../../../../arm-none-eabi/lib/thumb/ds_arm9_crt0.o (initSystem)
G:/Programs/devkitPro/libnds/lib\libnds9.a(timeSupport.o)
                              G:/Programs/devkitPro/libnds/lib\libnds9.a(initSystem.o) (__libnds_gtod)
G:/Programs/devkitPro/libnds/lib\libnds9.a(securearea.o)
                              g:/programs/devkitpro/devkitarm/bin/../lib/gcc/arm-none-eabi/8.3.0/../../../../arm-none-eabi/lib/thumb/ds_arm9_crt0.o (__secure_area__)
G:/Programs/devkitPro/libnds/lib\libnds9.a(interrupts.o)
                              G:/Programs/devkitPro/libnds/lib\libnds9.a(initSystem.o) (irqInit)
G:/Programs/devkitPro/libnds/lib\libnds9.a(libnds_exit.arm.o)
                              g:/programs/devkitpro/devkitarm/bin/../lib/gcc/arm-none-eabi/8.3.0/../../../../arm-none-eabi/lib/thumb/ds_arm9_crt0.o (__libnds_exit)
G:/Programs/devkitPro/libnds/lib\libnds9.a(fifosystem.o)
                              G:/Programs/devkitPro/libnds/lib\libnds9.a(initSystem.o) (fifoSetValue32Handler)
G:/Programs/devkitPro/libnds/lib\libnds9.a(mpu_setup.o)
                              g:/programs/devkitpro/devkitarm/bin/../lib/gcc/arm-none-eabi/8.3.0/../../../../arm-none-eabi/lib/thumb/ds_arm9_crt0.o (__libnds_mpu_setup)
G:/Programs/devkitPro/libnds/lib\libnds9.a(IntrWait.o)
                              app.o (swiWaitForVBlank)
G:/Programs/devkitPro/libnds/lib\libnds9.a(cpu_clock.o)
                              G:/Programs/devkitPro/libnds/lib\libnds9.a(initSystem.o) (setCpuClock)
G:/Programs/devkitPro/libnds/lib\libnds9.a(interruptDispatcher.o)
                              G:/Programs/devkitPro/libnds/lib\libnds9.a(interrupts.o) (IntrMain)
G:/Programs/devkitPro/libnds/lib\libnds9.a(debugprint.o)
                              G:/Programs/devkitPro/libnds/lib\libnds9.a(console.o) (nocashWrite)
G:/Programs/devkitPro/libnds/lib\libnds9.a(swiSoftReset.o)
                              G:/Programs/devkitPro/libnds/lib\libnds9.a(fifosystem.o) (swiSoftReset)
G:/Programs/devkitPro/libnds/lib\libnds9.a(biosCalls.o)
                              gen3_save.o (swiDelay)
G:/Programs/devkitPro/libnds/lib\libnds9.a(default_font.bin.o)
                              G:/Programs/devkitPro/libnds/lib\libnds9.a(console.o) (default_font_bin)
G:/Programs/devkitPro/libnds/lib\libnds9.a(background.o)
                              G:/Programs/devkitPro/libnds/lib\libnds9.a(console.o) (bgState)
G:/Programs/devkitPro/libnds/lib\libnds9.a(video.o)
                              G:/Programs/devkitPro/libnds/lib\libnds9.a(initSystem.o) (vramDefault)
G:/Programs/devkitPro/libnds/lib\libnds9.a(system.o)
                              G:/Programs/devkitPro/libnds/lib\libnds9.a(initSystem.o) (systemValueHandler)
G:/Programs/devkitPro/libnds/lib\libnds9.a(trig.o)
                              G:/Programs/devkitPro/libnds/lib\libnds9.a(background.o) (sinLerp)
g:/programs/devkitpro/devkitarm/bin/../lib/gcc/arm-none-eabi/8.3.0/../../../../arm-none-eabi/lib/thumb\libstdc++.a(new_op.o)
                              app.o (operator new(unsigned int))
g:/programs/devkitpro/devkitarm/bin/../lib/gcc/arm-none-eabi/8.3.0/../../../../arm-none-eabi/lib/thumb\libstdc++.a(bad_alloc.o)
                              g:/programs/devkitpro/devkitarm/bin/../lib/gcc/arm-none-eabi/8.3.0/../../../../arm-none-eabi/lib/thumb\libstdc++.a(new_op.o) (std::bad_alloc::~bad_alloc())
g:/programs/devkitpro/devkitarm/bin/../lib/gcc/arm-none-eabi/8.3.0/../../../../arm-none-eabi/lib/thumb\libstdc++.a(new_handler.o)
                              g:/programs/devkitpro/devkitarm/bin/../lib/gcc/arm-none-eabi/8.3.0/../../../../arm-none-eabi/lib/thumb\libstdc++.a(new_op.o) (std::get_new_handler())
g:/programs/devkitpro/devkitarm/bin/../lib/gcc/arm-none-eabi/8.3.0/../../../../arm-none-eabi/lib/thumb\libstdc++.a(eh_exception.o)
                              g:/programs/devkitpro/devkitarm/bin/../lib/gcc/arm-none-eabi/8.3.0/../../../../arm-none-eabi/lib/thumb\libstdc++.a(bad_alloc.o) (std::exception::~exception())
g:/programs/devkitpro/devkitarm/bin/../lib/gcc/arm-none-eabi/8.3.0/../../../../arm-none-eabi/lib/thumb\libstdc++.a(del_ops.o)
                              g:/programs/devkitpro/devkitarm/bin/../lib/gcc/arm-none-eabi/8.3.0/../../../../arm-none-eabi/lib/thumb\libstdc++.a(bad_alloc.o) (operator delete(void*, unsigned int))
g:/programs/devkitpro/devkitarm/bin/../lib/gcc/arm-none-eabi/8.3.0/../../../../arm-none-eabi/lib/thumb\libstdc++.a(eh_throw.o)
[...]
Memory Configuration

Name             Origin             Length             Attributes
ewram            0x0000000002000000 0x0000000000380000
dtcm             0x000000000b000000 0x0000000000004000
vectors          0x0000000001000000 0x0000000000000100
itcm             0x0000000001000100 0x0000000000007f00
*default*        0x0000000000000000 0xffffffffffffffff

Linker script and memory map

                0x0000000002380000                __ewram_end = (ORIGIN (ewram) + LENGTH (ewram))
                0x0000000002380000                __eheap_end = (ORIGIN (ewram) + LENGTH (ewram))
                0x000000000b004000                __dtcm_top = (ORIGIN (dtcm) + LENGTH (dtcm))
                0x000000000b003ff8                __irq_flags = (__dtcm_top - 0x8)
                0x000000000b003ffc                __irq_vector = (__dtcm_top - 0x4)
                0x000000000b003f00                __sp_svc = (__dtcm_top - 0x100)
                0x000000000b003e00                __sp_irq = (__sp_svc - 0x100)
                0x000000000b003d00                __sp_usr = (__sp_irq - 0x100)

.secure         0x0000000002000000      0x800
 *(.secure)
 .secure        0x0000000002000000      0x800 G:/Programs/devkitPro/libnds/lib\libnds9.a(securearea.o)
                0x0000000002000000                __secure_area__

.crt0           0x0000000002000800      0x300
                0x0000000002000800                __text_start = .
 *(.crt0)
 .crt0          0x0000000002000800      0x300 g:/programs/devkitpro/devkitarm/bin/../lib/gcc/arm-none-eabi/8.3.0/../../../../arm-none-eabi/lib/thumb/ds_arm9_crt0.o
                0x0000000002000800                _start
                0x0000000002000b00                . = ALIGN (0x4)

.plt
 *(.plt)

.init           0x0000000002000b00        0xc
 *(SORT_NONE(.init))
 .init          0x0000000002000b00        0x4 g:/programs/devkitpro/devkitarm/bin/../lib/gcc/arm-none-eabi/8.3.0/thumb/crti.o
                0x0000000002000b00                _init
 .init          0x0000000002000b04        0x8 g:/programs/devkitpro/devkitarm/bin/../lib/gcc/arm-none-eabi/8.3.0/thumb/crtn.o

.text           0x0000000002000b10     0xb910
 *(EXCLUDE_FILE(*.twl* *.vectors* *.itcm*) .text)
 .text          0x0000000002000b10       0x9c game_save_section.o
                0x0000000002000b10                game_save_section::game_save_section(unsigned char*)
                0x0000000002000b10                game_save_section::game_save_section(unsigned char*)
                0x0000000002000b34                game_save_section::~game_save_section()
                0x0000000002000b34                game_save_section::~game_save_section()
                0x0000000002000b38                game_save_section::set_data_block(unsigned char*, int, int)
                0x0000000002000b48                game_save_section::get_id()
                0x0000000002000b50                game_save_section::set_id(unsigned short)
                0x0000000002000b58                game_save_section::get_checksum()
                0x0000000002000b60                game_save_section::set_checksum(unsigned short)
                0x0000000002000b68                game_save_section::get_index()
                0x0000000002000b70                game_save_section::set_index(unsigned long)
                0x0000000002000b78                game_save_section::compute_checksum()
 .text          0x0000000002000bac       0x44 trainer_info.o
                0x0000000002000bac                trainer_info::trainer_info(unsigned char*)
                0x0000000002000bac                trainer_info::trainer_info(unsigned char*)
                0x0000000002000bc8                trainer_info::~trainer_info()
                0x0000000002000bc8                trainer_info::~trainer_info()
                0x0000000002000bd8                trainer_info::get_player_gender()
                0x0000000002000be0                trainer_info::set_player_gender(unsigned char)
                0x0000000002000be8                trainer_info::get_game_code()
 .text          0x0000000002000bf0       0x38 game_state.o
                0x0000000002000bf0                game_state::game_state(unsigned char*)
                0x0000000002000bf0                game_state::game_state(unsigned char*)
                0x0000000002000c08                game_state::~game_state()
                0x0000000002000c08                game_state::~game_state()
                0x0000000002000c18                game_state::get_mystery_gift()
                0x0000000002000c20                game_state::set_mystery_gift(unsigned char)
 .text          0x0000000002000c28       0x20 rival_info.o
                0x0000000002000c28                rival_info::rival_info(unsigned char*)
                0x0000000002000c28                rival_info::rival_info(unsigned char*)
                0x0000000002000c38                rival_info::~rival_info()
                0x0000000002000c38                rival_info::~rival_info()
 .text          0x0000000002000c48      0x278 gen3_save.o
                0x0000000002000c48                gen3_save::gen3_save()
                0x0000000002000c48                gen3_save::gen3_save()
                0x0000000002000d40                gen3_save::~gen3_save()
                0x0000000002000d40                gen3_save::~gen3_save()
                0x0000000002000d58                gen3_save::get_game_save_a()
                0x0000000002000d5c                gen3_save::get_game_save_b()
                0x0000000002000d60                gen3_save::write_save_to_cartridge()
 .text          0x0000000002000ec0       0xd4 game_save.o
                0x0000000002000ec0                game_save::game_save(unsigned char*)
                0x0000000002000ec0                game_save::game_save(unsigned char*)
                0x0000000002000f7c                game_save::~game_save()
                0x0000000002000f7c                game_save::~game_save()
                0x0000000002000f80                game_save::get_trainer_info()
                0x0000000002000f84                game_save::get_team_items()
                0x0000000002000f88                game_save::get_game_state()
                0x0000000002000f8c                game_save::get_misc_data()
                0x0000000002000f90                game_save::get_rival_info()
 .text          0x0000000002000f94      0x150 g:/programs/devkitpro/devkitarm/bin/../lib/gcc/arm-none-eabi/8.3.0/thumb\libgcc.a(_divsi3.o)
                0x0000000002000f94                __divsi3
                0x0000000002000f94                __aeabi_idiv
                0x00000000020010c4                __aeabi_idivmod
 .text          0x00000000020010e4        0x4 g:/programs/devkitpro/devkitarm/bin/../lib/gcc/arm-none-eabi/8.3.0/thumb\libgcc.a(_dvmd_tls.o)
                0x00000000020010e4                __aeabi_idiv0
                0x00000000020010e4                __aeabi_ldiv0
 .text          0x00000000020010e8      0x1d8 g:/programs/devkitpro/devkitarm/bin/../lib/gcc/arm-none-eabi/8.3.0/thumb\libgcc.a(libunwind.o)
                0x00000000020010e8                __restore_core_regs
                0x00000000020010e8                restore_core_regs
                0x0000000002001104                __gnu_Unwind_Restore_VFP
                0x000000000200110c                __gnu_Unwind_Save_VFP
                0x0000000002001114                __gnu_Unwind_Restore_VFP_D
                0x000000000200111c                __gnu_Unwind_Save_VFP_D
                0x0000000002001124                __gnu_Unwind_Restore_VFP_D_16_to_31
                0x000000000200112c                __gnu_Unwind_Save_VFP_D_16_to_31
                0x0000000002001134                __gnu_Unwind_Restore_WMMXD
                0x0000000002001178                __gnu_Unwind_Save_WMMXD
                0x00000000020011bc                __gnu_Unwind_Restore_WMMXC
                0x00000000020011d0                __gnu_Unwind_Save_WMMXC
                0x00000000020011e4                ___Unwind_RaiseException
                0x00000000020011e4                _Unwind_RaiseException
                0x0000000002001210                _Unwind_Resume
                0x0000000002001210                ___Unwind_Resume
                0x000000000200123c                _Unwind_Resume_or_Rethrow
                0x000000000200123c                ___Unwind_Resume_or_Rethrow
                0x0000000002001268                _Unwind_ForcedUnwind
                0x0000000002001268                ___Unwind_ForcedUnwind
                0x0000000002001294                ___Unwind_Backtrace
                0x0000000002001294                _Unwind_Backtrace
 .text          0x00000000020012c0      0x224 g:/programs/devkitpro/devkitarm/bin/../lib/gcc/arm-none-eabi/8.3.0/../../../../arm-none-eabi/lib/thumb\libg.a(lib_a-strcmp.o)
                0x00000000020012c0                strcmp
 .text          0x00000000020014e4       0x14 g:/programs/devkitpro/devkitarm/bin/../lib/gcc/arm-none-eabi/8.3.0/thumb\libgcc.a(_thumb1_case_uqi.o)
                0x00000000020014e4                __gnu_thumb1_case_uqi
 .text          0x00000000020014f8       0x14 g:/programs/devkitpro/devkitarm/bin/../lib/gcc/arm-none-eabi/8.3.0/thumb\libgcc.a(_thumb1_case_uhi.o)
                0x00000000020014f8                __gnu_thumb1_case_uhi
 .text          0x000000000200150c      0x11c g:/programs/devkitpro/devkitarm/bin/../lib/gcc/arm-none-eabi/8.3.0/thumb\libgcc.a(_udivsi3.o)
                0x000000000200150c                __aeabi_uidiv
                0x000000000200150c                __udivsi3
                0x0000000002001608                __aeabi_uidivmod
 .text          0x0000000002001628       0x3c g:/programs/devkitpro/devkitarm/bin/../lib/gcc/arm-none-eabi/8.3.0/thumb\libgcc.a(_aeabi_uldivmod.o)
                0x0000000002001628                __aeabi_uldivmod
 .text          0x0000000002001664       0x28 g:/programs/devkitpro/devkitarm/bin/../lib/gcc/arm-none-eabi/8.3.0/thumb\libgcc.a(_clzdi2.o)
                0x0000000002001664                __clzdi2
 .text          0x000000000200168c       0x48 g:/programs/devkitpro/devkitarm/bin/../lib/gcc/arm-none-eabi/8.3.0/thumb\libgcc.a(_clzsi2.o)
                0x000000000200168c                __clzsi2
 *(EXCLUDE_FILE(*.twl* *.vectors* *.itcm*) .stub)
 *(EXCLUDE_FILE(*.twl* *.vectors* *.itcm*) .text.*)
 .text.deregister_tm_clones
                0x00000000020016d4       0x2c g:/programs/devkitpro/devkitarm/bin/../lib/gcc/arm-none-eabi/8.3.0/thumb/crtbegin.o
 .text.register_tm_clones
                0x0000000002001700       0x34 g:/programs/devkitpro/devkitarm/bin/../lib/gcc/arm-none-eabi/8.3.0/thumb/crtbegin.o
 .text.__do_global_dtors_aux
                0x0000000002001734       0x30 g:/programs/devkitpro/devkitarm/bin/../lib/gcc/arm-none-eabi/8.3.0/thumb/crtbegin.o
 .text.frame_dummy
                0x0000000002001764       0x28 g:/programs/devkitpro/devkitarm/bin/../lib/gcc/arm-none-eabi/8.3.0/thumb/crtbegin.o
 .text.startup  0x000000000200178c      0x178 app.o
                0x000000000200178c                main
 .text.newRow   0x0000000002001904       0xb4 G:/Programs/devkitPro/libnds/lib\libnds9.a(console.o)
 .text.consolePrintChar
                0x00000000020019b8       0xec G:/Programs/devkitPro/libnds/lib\libnds9.a(console.o)
                0x00000000020019b8                consolePrintChar
 .text.consoleCls
                0x0000000002001aa4       0xe0 G:/Programs/devkitPro/libnds/lib\libnds9.a(console.o)
 .text.consoleLoadFont
                0x0000000002001b84      0x280 G:/Programs/devkitPro/libnds/lib\libnds9.a(console.o)
                0x0000000002001b84                consoleLoadFont
 .text.consoleInit
                0x0000000002001e04      0x15c G:/Programs/devkitPro/libnds/lib\libnds9.a(console.o)
                0x0000000002001e04                consoleInit
 .text.con_write
                0x0000000002001f60      0x27c G:/Programs/devkitPro/libnds/lib\libnds9.a(console.o)
                0x0000000002001f60                con_write
 .text.scanKeys
                0x00000000020021dc       0x8c G:/Programs/devkitPro/libnds/lib\libnds9.a(keys.o)
                0x00000000020021dc                scanKeys
 .text.keysDownRepeat
                0x0000000002002268       0x10 G:/Programs/devkitPro/libnds/lib\libnds9.a(keys.o)
                0x0000000002002268                keysDownRepeat
 .text.initSystem
                0x0000000002002278      0x198 G:/Programs/devkitPro/libnds/lib\libnds9.a(initSystem.o)
                0x0000000002002278                initSystem
 .text.__libnds_gtod
                0x0000000002002410       0x28 G:/Programs/devkitPro/libnds/lib\libnds9.a(timeSupport.o)
                0x0000000002002410                __libnds_gtod
 .text.irqDummy
                0x0000000002002438        0x4 G:/Programs/devkitPro/libnds/lib\libnds9.a(interrupts.o)
                0x0000000002002438                irqDummy
 .text.irqSet   0x000000000200243c       0x6c G:/Programs/devkitPro/libnds/lib\libnds9.a(interrupts.o)
                0x000000000200243c                irqSet
 .text.irqInit  0x00000000020024a8       0x50 G:/Programs/devkitPro/libnds/lib\libnds9.a(interrupts.o)
                0x00000000020024a8                irqInit
 .text.irqEnable
                0x00000000020024f8       0x64 G:/Programs/devkitPro/libnds/lib\libnds9.a(interrupts.o)
                0x00000000020024f8                irqEnable
 .text.systemErrorExit
                0x000000000200255c        0x4 G:/Programs/devkitPro/libnds/lib\libnds9.a(libnds_exit.arm.o)
                0x000000000200255c                systemErrorExit
 .text.__libnds_exit
                0x0000000002002560       0x5c G:/Programs/devkitPro/libnds/lib\libnds9.a(libnds_exit.arm.o)
                0x0000000002002560                __libnds_exit
 .text.fifo_waitBlock
                0x00000000020025bc       0x80 G:/Programs/devkitPro/libnds/lib\libnds9.a(fifosystem.o)
 .text.fifo_queueBlock
                0x000000000200263c       0x40 G:/Programs/devkitPro/libnds/lib\libnds9.a(fifosystem.o)
 .text.fifoInternalSendInterrupt
                0x000000000200267c       0xac G:/Programs/devkitPro/libnds/lib\libnds9.a(fifosystem.o)
 .text.fifoInternalSend.part.2
                0x0000000002002728       0xd4 G:/Programs/devkitPro/libnds/lib\libnds9.a(fifosystem.o)
 .text.fifoGetValue32.part.3
                0x00000000020027fc       0x74 G:/Programs/devkitPro/libnds/lib\libnds9.a(fifosystem.o)
 .text.fifoSetValue32Handler
                0x0000000002002870       0x78 G:/Programs/devkitPro/libnds/lib\libnds9.a(fifosystem.o)
                0x0000000002002870                fifoSetValue32Handler
 .text.fifoSendValue32
                0x00000000020028e8       0x4c G:/Programs/devkitPro/libnds/lib\libnds9.a(fifosystem.o)
                0x00000000020028e8                fifoSendValue32
 .text.fifoGetDatamsg
                0x0000000002002934      0x138 G:/Programs/devkitPro/libnds/lib\libnds9.a(fifosystem.o)
                0x0000000002002934                fifoGetDatamsg
 .text.fifoInternalRecvInterrupt
                0x0000000002002a6c      0x3dc G:/Programs/devkitPro/libnds/lib\libnds9.a(fifosystem.o)
 .text.fifoSetDatamsgHandler
                0x0000000002002e48       0x9c G:/Programs/devkitPro/libnds/lib\libnds9.a(fifosystem.o)
                0x0000000002002e48                fifoSetDatamsgHandler
 .text.fifoInit
                0x0000000002002ee4      0x104 G:/Programs/devkitPro/libnds/lib\libnds9.a(fifosystem.o)
                0x0000000002002ee4                fifoInit
 .text.__libnds_mpu_setup
                0x0000000002002fe8      0x174 G:/Programs/devkitPro/libnds/lib\libnds9.a(mpu_setup.o)
                0x0000000002002fe8                __libnds_mpu_setup
 .text.memUncached
                0x000000000200315c       0x20 G:/Programs/devkitPro/libnds/lib\libnds9.a(mpu_setup.o)
                0x000000000200315c                memUncached
 .text.swiWaitForVBlank
                0x000000000200317c        0x8 G:/Programs/devkitPro/libnds/lib\libnds9.a(IntrWait.o)
                0x000000000200317c                swiWaitForVBlank
 .text.swiIntrWait
                0x0000000002003184       0x70 G:/Programs/devkitPro/libnds/lib\libnds9.a(IntrWait.o)
                0x0000000002003184                swiIntrWait
 .text.setCpuClock
                0x00000000020031f4       0x50 G:/Programs/devkitPro/libnds/lib\libnds9.a(cpu_clock.o)
                0x00000000020031f4                setCpuClock
 .text.swiSoftReset
                0x0000000002003244       0x2c G:/Programs/devkitPro/libnds/lib\libnds9.a(swiSoftReset.o)
                0x0000000002003244                swiSoftReset
 .text.swiDelay
                0x0000000002003270        0x4 G:/Programs/devkitPro/libnds/lib\libnds9.a(biosCalls.o)
                0x0000000002003270                swiDelay
 .text.checkIfText.part.0
                0x0000000002003274       0x40 G:/Programs/devkitPro/libnds/lib\libnds9.a(background.o)
 .text.bgUpdate
                0x00000000020032b4      0x104 G:/Programs/devkitPro/libnds/lib\libnds9.a(background.o)
                0x00000000020032b4                bgUpdate
 .text.bgInit_call
                0x00000000020033b8      0x110 G:/Programs/devkitPro/libnds/lib\libnds9.a(background.o)
                0x00000000020033b8                bgInit_call
 .text.bgInitSub_call
                0x00000000020034c8       0xf4 G:/Programs/devkitPro/libnds/lib\libnds9.a(background.o)
                0x00000000020034c8                bgInitSub_call
 .text.vramDefault
                0x00000000020035bc       0xd0 G:/Programs/devkitPro/libnds/lib\libnds9.a(video.o)
                0x00000000020035bc                vramDefault
 .text.systemValueHandler
                0x000000000200368c       0x48 G:/Programs/devkitPro/libnds/lib\libnds9.a(system.o)
                0x000000000200368c                systemValueHandler
 .text.systemMsgHandler
                0x00000000020036d4       0x5c G:/Programs/devkitPro/libnds/lib\libnds9.a(system.o)
                0x00000000020036d4                systemMsgHandler
 .text.powerOn  0x0000000002003730       0x2c G:/Programs/devkitPro/libnds/lib\libnds9.a(system.o)
                0x0000000002003730                powerOn
 .text.sinLutLookup
                0x000000000200375c       0x3c G:/Programs/devkitPro/libnds/lib\libnds9.a(trig.o)
                0x000000000200375c                sinLutLookup
 .text.sinLerp  0x0000000002003798       0x44 G:/Programs/devkitPro/libnds/lib\libnds9.a(trig.o)
                0x0000000002003798                sinLerp
 .text.cosLerp  0x00000000020037dc       0x14 G:/Programs/devkitPro/libnds/lib\libnds9.a(trig.o)
                0x00000000020037dc                cosLerp
 .text._Znwj    0x00000000020037f0       0x48 g:/programs/devkitpro/devkitarm/bin/../lib/gcc/arm-none-eabi/8.3.0/../../../../arm-none-eabi/lib/thumb\libstdc++.a(new_op.o)
                0x00000000020037f0                operator new(unsigned int)
 .text._ZNKSt9bad_alloc4whatEv
                0x0000000002003838        0x8 g:/programs/devkitpro/devkitarm/bin/../lib/gcc/arm-none-eabi/8.3.0/../../../../arm-none-eabi/lib/thumb\libstdc++.a(bad_alloc.o)
                0x0000000002003838                std::bad_alloc::what() const
 .text._ZNSt9bad_allocD2Ev
                0x0000000002003840       0x1c g:/programs/devkitpro/devkitarm/bin/../lib/gcc/arm-none-eabi/8.3.0/../../../../arm-none-eabi/lib/thumb\libstdc++.a(bad_alloc.o)
                0x0000000002003840                std::bad_alloc::~bad_alloc()
                0x0000000002003840                std::bad_alloc::~bad_alloc()
 .text._ZNSt9bad_allocD0Ev
                0x000000000200385c       0x24 g:/programs/devkitpro/devkitarm/bin/../lib/gcc/arm-none-eabi/8.3.0/../../../../arm-none-eabi/lib/thumb\libstdc++.a(bad_alloc.o)
                0x000000000200385c                std::bad_alloc::~bad_alloc()
 .text._ZSt15get_new_handlerv
                0x0000000002003880        0xc g:/programs/devkitpro/devkitarm/bin/../lib/gcc/arm-none-eabi/8.3.0/../../../../arm-none-eabi/lib/thumb\libstdc++.a(new_handler.o)
                0x0000000002003880                std::get_new_handler()
 .text._ZNSt9exceptionD2Ev
                0x000000000200388c        0x4 g:/programs/devkitpro/devkitarm/bin/../lib/gcc/arm-none-eabi/8.3.0/../../../../arm-none-eabi/lib/thumb\libstdc++.a(eh_exception.o)
                0x000000000200388c                std::exception::~exception()
                0x000000000200388c                std::exception::~exception()
 .text._ZNSt13bad_exceptionD2Ev
                0x0000000002003890        0x4 g:/programs/devkitpro/devkitarm/bin/../lib/gcc/arm-none-eabi/8.3.0/../../../../arm-none-eabi/lib/thumb\libstdc++.a(eh_exception.o)
                0x0000000002003890                std::bad_exception::~bad_exception()
                0x0000000002003890                std::bad_exception::~bad_exception()
 .text._ZNKSt13bad_exception4whatEv
                0x0000000002003894        0x8 g:/programs/devkitpro/devkitarm/bin/../lib/gcc/arm-none-eabi/8.3.0/../../../../arm-none-eabi/lib/thumb\libstdc++.a(eh_exception.o)
                0x0000000002003894                std::bad_exception::what() const
                0x0000000002003894                transaction clone for std::bad_exception::what() const
 .text._ZNSt13bad_exceptionD0Ev
                0x000000000200389c       0x14 g:/programs/devkitpro/devkitarm/bin/../lib/gcc/arm-none-eabi/8.3.0/../../../../arm-none-eabi/lib/thumb\libstdc++.a(eh_exception.o)
                0x000000000200389c                std::bad_exception::~bad_exception()
 .text._ZdlPvj  0x00000000020038b0        0xc g:/programs/devkitpro/devkitarm/bin/../lib/gcc/arm-none-eabi/8.3.0/../../../../arm-none-eabi/lib/thumb\libstdc++.a(del_ops.o)
                0x00000000020038b0                operator delete(void*, unsigned int)
 .text._ZL23__gxx_exception_cleanup19_Unwind_Reason_CodeP21_Unwind_Control_Block
                0x00000000020038bc       0x3c g:/programs/devkitpro/devkitarm/bin/../lib/gcc/arm-none-eabi/8.3.0/../../../../arm-none-eabi/lib/thumb\libstdc++.a(eh_throw.o)
 .text.__cxa_init_primary_exception
                0x00000000020038f8       0x50 g:/programs/devkitpro/devkitarm/bin/../lib/gcc/arm-none-eabi/8.3.0/../../../../arm-none-eabi/lib/thumb\libstdc++.a(eh_throw.o)
                0x00000000020038f8                __cxa_init_primary_exception
 .text.__cxa_throw
                0x0000000002003948       0x34 g:/programs/devkitpro/devkitarm/bin/../lib/gcc/arm-none-eabi/8.3.0/../../../../arm-none-eabi/lib/thumb\libstdc++.a(eh_throw.o)
                0x0000000002003948                __cxa_throw
 .text.__cxa_rethrow
                0x000000000200397c       0x70 g:/programs/devkitpro/devkitarm/bin/../lib/gcc/arm-none-eabi/8.3.0/../../../../arm-none-eabi/lib/thumb\libstdc++.a(eh_throw.o)
                0x000000000200397c                __cxa_rethrow
 .text.__cxa_begin_catch
                0x00000000020039ec       0x78 g:/programs/devkitpro/devkitarm/bin/../lib/gcc/arm-none-eabi/8.3.0/../../../../arm-none-eabi/lib/thumb\libstdc++.a(eh_catch.o)
                0x00000000020039ec                __cxa_begin_catch
 .text.__cxa_end_catch
                0x0000000002003a64       0x90 g:/programs/devkitpro/devkitarm/bin/../lib/gcc/arm-none-eabi/8.3.0/../../../../arm-none-eabi/lib/thumb\libstdc++.a(eh_catch.o)
                0x0000000002003a64                __cxa_end_catch
 .text._ZN12_GLOBAL__N_14pool4freeEPv.constprop.4
                0x0000000002003af4       0x88 g:/programs/devkitpro/devkitarm/bin/../lib/gcc/arm-none-eabi/8.3.0/../../../../arm-none-eabi/lib/thumb\libstdc++.a(eh_alloc.o)
 .text._ZN12_GLOBAL__N_14pool8allocateEj.constprop.5
                0x0000000002003b7c       0x68 g:/programs/devkitpro/devkitarm/bin/../lib/gcc/arm-none-eabi/8.3.0/../../../../arm-none-eabi/lib/thumb\libstdc++.a(eh_alloc.o)
 .text.__cxa_allocate_exception
                0x0000000002003be4       0x30 g:/programs/devkitpro/devkitarm/bin/../lib/gcc/arm-none-eabi/8.3.0/../../../../arm-none-eabi/lib/thumb\libstdc++.a(eh_alloc.o)
                0x0000000002003be4                __cxa_allocate_exception
 .text.__cxa_free_exception
                0x0000000002003c14       0x28 g:/programs/devkitpro/devkitarm/bin/../lib/gcc/arm-none-eabi/8.3.0/../../../../arm-none-eabi/lib/thumb\libstdc++.a(eh_alloc.o)
                0x0000000002003c14                __cxa_free_exception
 .text.startup._GLOBAL__sub_I__ZN9__gnu_cxx9__freeresEv
                0x0000000002003c3c       0x30 g:/programs/devkitpro/devkitarm/bin/../lib/gcc/arm-none-eabi/8.3.0/../../../../arm-none-eabi/lib/thumb\libstdc++.a(eh_alloc.o)
 .text._ZdlPv   0x0000000002003c6c        0xc g:/programs/devkitpro/devkitarm/bin/../lib/gcc/arm-none-eabi/8.3.0/../../../../arm-none-eabi/lib/thumb\libstdc++.a(del_op.o)
                0x0000000002003c6c                operator delete(void*)
 .text._ZN10__cxxabiv120__si_class_type_infoD2Ev
                0x0000000002003c78       0x1c g:/programs/devkitpro/devkitarm/bin/../lib/gcc/arm-none-eabi/8.3.0/../../../../arm-none-eabi/lib/thumb\libstdc++.a(si_class_type_info.o)
                0x0000000002003c78                __cxxabiv1::__si_class_type_info::~__si_class_type_info()
                0x0000000002003c78                __cxxabiv1::__si_class_type_info::~__si_class_type_info()
 .text._ZN10__cxxabiv120__si_class_type_infoD0Ev
                0x0000000002003c94       0x24 g:/programs/devkitpro/devkitarm/bin/../lib/gcc/arm-none-eabi/8.3.0/../../../../arm-none-eabi/lib/thumb\libstdc++.a(si_class_type_info.o)
                0x0000000002003c94                __cxxabiv1::__si_class_type_info::~__si_class_type_info()
 .text._ZNK10__cxxabiv120__si_class_type_info20__do_find_public_srcEiPKvPKNS_17__class_type_infoES2_
                0x0000000002003cb8       0x40 g:/programs/devkitpro/devkitarm/bin/../lib/gcc/arm-none-eabi/8.3.0/../../../../arm-none-eabi/lib/thumb\libstdc++.a(si_class_type_info.o)
                0x0000000002003cb8                __cxxabiv1::__si_class_type_info::__do_find_public_src(int, void const*, __cxxabiv1::__class_type_info const*, void const*) const
 .text._ZNK10__cxxabiv120__si_class_type_info12__do_dyncastEiNS_17__class_type_info10__sub_kindEPKS1_PKvS4_S6_RNS1_16__dyncast_resultE
                0x0000000002003cf8       0xa4 g:/programs/devkitpro/devkitarm/bin/../lib/gcc/arm-none-eabi/8.3.0/../../../../arm-none-eabi/lib/thumb\libstdc++.a(si_class_type_info.o)
                0x0000000002003cf8                __cxxabiv1::__si_class_type_info::__do_dyncast(int, __cxxabiv1::__class_type_info::__sub_kind, __cxxabiv1::__class_type_info const*, void const*, __cxxabiv1::__class_type_info const*, void const*, __cxxabiv1::__class_type_info::__dyncast_result&) const
 .text._ZNK10__cxxabiv120__si_class_type_info11__do_upcastEPKNS_17__class_type_infoEPKvRNS1_15__upcast_resultE
                0x0000000002003d9c       0x2c g:/programs/devkitpro/devkitarm/bin/../lib/gcc/arm-none-eabi/8.3.0/../../../../arm-none-eabi/lib/thumb\libstdc++.a(si_class_type_info.o)
                0x0000000002003d9c                __cxxabiv1::__si_class_type_info::__do_upcast(__cxxabiv1::__class_type_info const*, void const*, __cxxabiv1::__class_type_info::__upcast_result&) const
 .text.__cxa_get_globals_fast
                0x0000000002003dc8        0x8 g:/programs/devkitpro/devkitarm/bin/../lib/gcc/arm-none-eabi/8.3.0/../../../../arm-none-eabi/lib/thumb\libstdc++.a(eh_globals.o)
                0x0000000002003dc8                __cxa_get_globals_fast
 .text.__cxa_get_globals
                0x0000000002003dd0        0x8 g:/programs/devkitpro/devkitarm/bin/../lib/gcc/arm-none-eabi/8.3.0/../../../../arm-none-eabi/lib/thumb\libstdc++.a(eh_globals.o)
                0x0000000002003dd0                __cxa_get_globals
 .text._ZN10__cxxabiv111__terminateEPFvvE
                0x0000000002003dd8       0x2c g:/programs/devkitpro/devkitarm/bin/../lib/gcc/arm-none-eabi/8.3.0/../../../../arm-none-eabi/lib/thumb\libstdc++.a(eh_terminate.o)
                0x0000000002003dd8                __cxxabiv1::__terminate(void (*)())
 .text._ZSt9terminatev
                0x0000000002003e04       0x10 g:/programs/devkitpro/devkitarm/bin/../lib/gcc/arm-none-eabi/8.3.0/../../../../arm-none-eabi/lib/thumb\libstdc++.a(eh_terminate.o)
                0x0000000002003e04                std::terminate()
 .text._ZN10__cxxabiv112__unexpectedEPFvvE
                0x0000000002003e14        0xc g:/programs/devkitpro/devkitarm/bin/../lib/gcc/arm-none-eabi/8.3.0/../../../../arm-none-eabi/lib/thumb\libstdc++.a(eh_terminate.o)
                0x0000000002003e14                __cxxabiv1::__unexpected(void (*)())
 .text._ZSt10unexpectedv
                0x0000000002003e20       0x10 g:/programs/devkitpro/devkitarm/bin/../lib/gcc/arm-none-eabi/8.3.0/../../../../arm-none-eabi/lib/thumb\libstdc++.a(eh_terminate.o)
                0x0000000002003e20                std::unexpected()
 .text._ZSt13get_terminatev
                0x0000000002003e30        0xc g:/programs/devkitpro/devkitarm/bin/../lib/gcc/arm-none-eabi/8.3.0/../../../../arm-none-eabi/lib/thumb\libstdc++.a(eh_terminate.o)
                0x0000000002003e30                std::get_terminate()
 .text._ZSt14get_unexpectedv
                0x0000000002003e3c        0xc g:/programs/devkitpro/devkitarm/bin/../lib/gcc/arm-none-eabi/8.3.0/../../../../arm-none-eabi/lib/thumb\libstdc++.a(eh_terminate.o)
                0x0000000002003e3c                std::get_unexpected()
 .text._ZNSt9type_infoD2Ev
                0x0000000002003e48        0x4 g:/programs/devkitpro/devkitarm/bin/../lib/gcc/arm-none-eabi/8.3.0/../../../../arm-none-eabi/lib/thumb\libstdc++.a(tinfo.o)
                0x0000000002003e48                std::type_info::~type_info()
                0x0000000002003e48                std::type_info::~type_info()
 .text._ZNKSt9type_info14__is_pointer_pEv
                0x0000000002003e4c        0x4 g:/programs/devkitpro/devkitarm/bin/../lib/gcc/arm-none-eabi/8.3.0/../../../../arm-none-eabi/lib/thumb\libstdc++.a(tinfo.o)
                0x0000000002003e4c                std::type_info::__is_pointer_p() const
                0x0000000002003e4c                std::type_info::__is_function_p() const
 .text._ZNKSt9type_infoeqERKS_
                0x0000000002003e50       0x30 g:/programs/devkitpro/devkitarm/bin/../lib/gcc/arm-none-eabi/8.3.0/../../../../arm-none-eabi/lib/thumb\libstdc++.a(tinfo.o)
                0x0000000002003e50                std::type_info::operator==(std::type_info const&) const
 .text._ZL28read_encoded_value_with_basehjPKhPj
                0x0000000002003e80      0x108 g:/programs/devkitpro/devkitarm/bin/../lib/gcc/arm-none-eabi/8.3.0/../../../../arm-none-eabi/lib/thumb\libstdc++.a(eh_personality.o)
 .text._ZL21base_of_encoded_valuehP15_Unwind_Context
                0x0000000002003f88       0x4c g:/programs/devkitpro/devkitarm/bin/../lib/gcc/arm-none-eabi/8.3.0/../../../../arm-none-eabi/lib/thumb\libstdc++.a(eh_personality.o)
 .text._ZL17parse_lsda_headerP15_Unwind_ContextPKhP16lsda_header_info
                0x0000000002003fd4       0x9c g:/programs/devkitpro/devkitarm/bin/../lib/gcc/arm-none-eabi/8.3.0/../../../../arm-none-eabi/lib/thumb\libstdc++.a(eh_personality.o)
 .text.__gxx_personality_v0
                0x0000000002004070      0x49c g:/programs/devkitpro/devkitarm/bin/../lib/gcc/arm-none-eabi/8.3.0/../../../../arm-none-eabi/lib/thumb\libstdc++.a(eh_personality.o)
                0x0000000002004070                __gxx_personality_v0
 .text._ZNK10__cxxabiv117__class_type_info11__do_upcastEPKS0_PPv
                0x000000000200450c       0x40 g:/programs/devkitpro/devkitarm/bin/../lib/gcc/arm-none-eabi/8.3.0/../../../../arm-none-eabi/lib/thumb\libstdc++.a(class_type_info.o)
                0x000000000200450c                __cxxabiv1::__class_type_info::__do_upcast(__cxxabiv1::__class_type_info const*, void**) const
 .text._ZNK10__cxxabiv117__class_type_info20__do_find_public_srcEiPKvPKS0_S2_
                0x000000000200454c       0x14 g:/programs/devkitpro/devkitarm/bin/../lib/gcc/arm-none-eabi/8.3.0/../../../../arm-none-eabi/lib/thumb\libstdc++.a(class_type_info.o)
                0x000000000200454c                __cxxabiv1::__class_type_info::__do_find_public_src(int, void const*, __cxxabiv1::__class_type_info const*, void const*) const
 .text._ZN10__cxxabiv117__class_type_infoD2Ev
                0x0000000002004560       0x1c g:/programs/devkitpro/devkitarm/bin/../lib/gcc/arm-none-eabi/8.3.0/../../../../arm-none-eabi/lib/thumb\libstdc++.a(class_type_info.o)
                0x0000000002004560                __cxxabiv1::__class_type_info::~__class_type_info()
                0x0000000002004560                __cxxabiv1::__class_type_info::~__class_type_info()
 .text._ZN10__cxxabiv117__class_type_infoD0Ev
                0x000000000200457c       0x24 g:/programs/devkitpro/devkitarm/bin/../lib/gcc/arm-none-eabi/8.3.0/../../../../arm-none-eabi/lib/thumb\libstdc++.a(class_type_info.o)
                0x000000000200457c                __cxxabiv1::__class_type_info::~__class_type_info()
 .text._ZNK10__cxxabiv117__class_type_info12__do_dyncastEiNS0_10__sub_kindEPKS0_PKvS3_S5_RNS0_16__dyncast_resultE
                0x00000000020045a0       0x44 g:/programs/devkitpro/devkitarm/bin/../lib/gcc/arm-none-eabi/8.3.0/../../../../arm-none-eabi/lib/thumb\libstdc++.a(class_type_info.o)
                0x00000000020045a0                __cxxabiv1::__class_type_info::__do_dyncast(int, __cxxabiv1::__class_type_info::__sub_kind, __cxxabiv1::__class_type_info const*, void const*, __cxxabiv1::__class_type_info const*, void const*, __cxxabiv1::__class_type_info::__dyncast_result&) const
 .text._ZNK10__cxxabiv117__class_type_info11__do_upcastEPKS0_PKvRNS0_15__upcast_resultE
                0x00000000020045e4       0x20 g:/programs/devkitpro/devkitarm/bin/../lib/gcc/arm-none-eabi/8.3.0/../../../../arm-none-eabi/lib/thumb\libstdc++.a(class_type_info.o)
                0x00000000020045e4                __cxxabiv1::__class_type_info::__do_upcast(__cxxabiv1::__class_type_info const*, void const*, __cxxabiv1::__class_type_info::__upcast_result&) const
 .text._ZNK10__cxxabiv117__class_type_info10__do_catchEPKSt9type_infoPPvj
                0x0000000002004604       0x2c g:/programs/devkitpro/devkitarm/bin/../lib/gcc/arm-none-eabi/8.3.0/../../../../arm-none-eabi/lib/thumb\libstdc++.a(class_type_info.o)
                0x0000000002004604                __cxxabiv1::__class_type_info::__do_catch(std::type_info const*, void**, unsigned int) const
 .text.__cxa_end_cleanup
                0x0000000002004630        0xc g:/programs/devkitpro/devkitarm/bin/../lib/gcc/arm-none-eabi/8.3.0/../../../../arm-none-eabi/lib/thumb\libstdc++.a(eh_arm.o)
                0x0000000002004630                __cxa_end_cleanup
 .text.__cxa_type_match
                0x000000000200463c       0xe0 g:/programs/devkitpro/devkitarm/bin/../lib/gcc/arm-none-eabi/8.3.0/../../../../arm-none-eabi/lib/thumb\libstdc++.a(eh_arm.o)
                0x000000000200463c                __cxa_type_match
 .text.__cxa_begin_cleanup
                0x000000000200471c       0x64 g:/programs/devkitpro/devkitarm/bin/../lib/gcc/arm-none-eabi/8.3.0/../../../../arm-none-eabi/lib/thumb\libstdc++.a(eh_arm.o)
                0x000000000200471c                __cxa_begin_cleanup
 .text.__gnu_end_cleanup
                0x0000000002004780       0x74 g:/programs/devkitpro/devkitarm/bin/../lib/gcc/arm-none-eabi/8.3.0/../../../../arm-none-eabi/lib/thumb\libstdc++.a(eh_arm.o)
                0x0000000002004780                __gnu_end_cleanup
 .text._ZN10__cxxabiv1L24__is_gxx_exception_classEPc
                0x00000000020047f4       0x3c g:/programs/devkitpro/devkitarm/bin/../lib/gcc/arm-none-eabi/8.3.0/../../../../arm-none-eabi/lib/thumb\libstdc++.a(eh_call.o)
 .text.__cxa_call_terminate
                0x0000000002004830       0x20 g:/programs/devkitpro/devkitarm/bin/../lib/gcc/arm-none-eabi/8.3.0/../../../../arm-none-eabi/lib/thumb\libstdc++.a(eh_call.o)
                0x0000000002004830                __cxa_call_terminate
 .text.unlikely.__cxa_call_unexpected
                0x0000000002004850      0x108 g:/programs/devkitpro/devkitarm/bin/../lib/gcc/arm-none-eabi/8.3.0/../../../../arm-none-eabi/lib/thumb\libstdc++.a(eh_call.o)
                0x0000000002004850                __cxa_call_unexpected
 .text.selfrel_offset31
                0x0000000002004958       0x18 g:/programs/devkitpro/devkitarm/bin/../lib/gcc/arm-none-eabi/8.3.0/thumb\libgcc.a(unwind-arm.o)
 .text.search_EIT_table
                0x0000000002004970       0x74 g:/programs/devkitpro/devkitarm/bin/../lib/gcc/arm-none-eabi/8.3.0/thumb\libgcc.a(unwind-arm.o)
 .text.__gnu_unwind_get_pr_addr
                0x00000000020049e4       0x2c g:/programs/devkitpro/devkitarm/bin/../lib/gcc/arm-none-eabi/8.3.0/thumb\libgcc.a(unwind-arm.o)
 .text.get_eit_entry
                0x0000000002004a10       0xa0 g:/programs/devkitpro/devkitarm/bin/../lib/gcc/arm-none-eabi/8.3.0/thumb\libgcc.a(unwind-arm.o)
 .text.restore_non_core_regs
                0x0000000002004ab0       0x5c g:/programs/devkitpro/devkitarm/bin/../lib/gcc/arm-none-eabi/8.3.0/thumb\libgcc.a(unwind-arm.o)
 .text._Unwind_decode_typeinfo_ptr.isra.0
                0x0000000002004b0c        0xc g:/programs/devkitpro/devkitarm/bin/../lib/gcc/arm-none-eabi/8.3.0/thumb\libgcc.a(unwind-arm.o)
 .text._Unwind_DebugHook
                0x0000000002004b18        0x4 g:/programs/devkitpro/devkitarm/bin/../lib/gcc/arm-none-eabi/8.3.0/thumb\libgcc.a(unwind-arm.o)
 .text.unwind_phase2
                0x0000000002004b1c       0x40 g:/programs/devkitpro/devkitarm/bin/../lib/gcc/arm-none-eabi/8.3.0/thumb\libgcc.a(unwind-arm.o)
 .text.unwind_phase2_forced
                0x0000000002004b5c       0xe0 g:/programs/devkitpro/devkitarm/bin/../lib/gcc/arm-none-eabi/8.3.0/thumb\libgcc.a(unwind-arm.o)
 .text.__gnu_Unwind_RaiseException
                0x0000000002004c3c       0x5c g:/programs/devkitpro/devkitarm/bin/../lib/gcc/arm-none-eabi/8.3.0/thumb\libgcc.a(unwind-arm.o)
                0x0000000002004c3c                __gnu_Unwind_RaiseException
 .text.__gnu_Unwind_ForcedUnwind
                0x0000000002004c98       0x18 g:/programs/devkitpro/devkitarm/bin/../lib/gcc/arm-none-eabi/8.3.0/thumb\libgcc.a(unwind-arm.o)
                0x0000000002004c98                __gnu_Unwind_ForcedUnwind
 .text.__gnu_Unwind_Resume
                0x0000000002004cb0       0x4c g:/programs/devkitpro/devkitarm/bin/../lib/gcc/arm-none-eabi/8.3.0/thumb\libgcc.a(unwind-arm.o)
                0x0000000002004cb0                __gnu_Unwind_Resume
 .text.__gnu_Unwind_Resume_or_Rethrow
                0x0000000002004cfc       0x20 g:/programs/devkitpro/devkitarm/bin/../lib/gcc/arm-none-eabi/8.3.0/thumb\libgcc.a(unwind-arm.o)
                0x0000000002004cfc                __gnu_Unwind_Resume_or_Rethrow
 .text._Unwind_Complete
                0x0000000002004d1c        0x4 g:/programs/devkitpro/devkitarm/bin/../lib/gcc/arm-none-eabi/8.3.0/thumb\libgcc.a(unwind-arm.o)
                0x0000000002004d1c                _Unwind_Complete
 .text._Unwind_DeleteException
                0x0000000002004d20       0x18 g:/programs/devkitpro/devkitarm/bin/../lib/gcc/arm-none-eabi/8.3.0/thumb\libgcc.a(unwind-arm.o)
                0x0000000002004d20                _Unwind_DeleteException
 .text._Unwind_VRS_Get
                0x0000000002004d38       0x38 g:/programs/devkitpro/devkitarm/bin/../lib/gcc/arm-none-eabi/8.3.0/thumb\libgcc.a(unwind-arm.o)
                0x0000000002004d38                _Unwind_VRS_Get
 .text._Unwind_GetGR
                0x0000000002004d70       0x1c g:/programs/devkitpro/devkitarm/bin/../lib/gcc/arm-none-eabi/8.3.0/thumb\libgcc.a(unwind-arm.o)
 .text._Unwind_VRS_Set
                0x0000000002004d8c       0x38 g:/programs/devkitpro/devkitarm/bin/../lib/gcc/arm-none-eabi/8.3.0/thumb\libgcc.a(unwind-arm.o)
                0x0000000002004d8c                _Unwind_VRS_Set
 .text._Unwind_SetGR
                0x0000000002004dc4       0x1c g:/programs/devkitpro/devkitarm/bin/../lib/gcc/arm-none-eabi/8.3.0/thumb\libgcc.a(unwind-arm.o)
 .text.__gnu_Unwind_Backtrace
                0x0000000002004de0       0x80 g:/programs/devkitpro/devkitarm/bin/../lib/gcc/arm-none-eabi/8.3.0/thumb\libgcc.a(unwind-arm.o)
                0x0000000002004de0                __gnu_Unwind_Backtrace
 .text.__gnu_unwind_pr_common
                0x0000000002004e60      0x2f0 g:/programs/devkitpro/devkitarm/bin/../lib/gcc/arm-none-eabi/8.3.0/thumb\libgcc.a(unwind-arm.o)
 .text.__aeabi_unwind_cpp_pr0
                0x0000000002005150       0x10 g:/programs/devkitpro/devkitarm/bin/../lib/gcc/arm-none-eabi/8.3.0/thumb\libgcc.a(unwind-arm.o)
                0x0000000002005150                __aeabi_unwind_cpp_pr0
 .text.__aeabi_unwind_cpp_pr1
                0x0000000002005160       0x10 g:/programs/devkitpro/devkitarm/bin/../lib/gcc/arm-none-eabi/8.3.0/thumb\libgcc.a(unwind-arm.o)
                0x0000000002005160                __aeabi_unwind_cpp_pr1
 .text.__aeabi_unwind_cpp_pr2
                0x0000000002005170       0x10 g:/programs/devkitpro/devkitarm/bin/../lib/gcc/arm-none-eabi/8.3.0/thumb\libgcc.a(unwind-arm.o)
                0x0000000002005170                __aeabi_unwind_cpp_pr2
 .text._Unwind_VRS_Pop
                0x0000000002005180      0x278 g:/programs/devkitpro/devkitarm/bin/../lib/gcc/arm-none-eabi/8.3.0/thumb\libgcc.a(unwind-arm.o)
                0x0000000002005180                _Unwind_VRS_Pop
 .text.next_unwind_byte
                0x00000000020053f8       0x34 g:/programs/devkitpro/devkitarm/bin/../lib/gcc/arm-none-eabi/8.3.0/thumb\libgcc.a(pr-support.o)
 .text._Unwind_GetGR.constprop.0
                0x000000000200542c       0x1c g:/programs/devkitpro/devkitarm/bin/../lib/gcc/arm-none-eabi/8.3.0/thumb\libgcc.a(pr-support.o)
 .text.unwind_UCB_from_context
                0x0000000002005448        0xc g:/programs/devkitpro/devkitarm/bin/../lib/gcc/arm-none-eabi/8.3.0/thumb\libgcc.a(pr-support.o)
 .text.__gnu_unwind_execute
                0x0000000002005454      0x2f4 g:/programs/devkitpro/devkitarm/bin/../lib/gcc/arm-none-eabi/8.3.0/thumb\libgcc.a(pr-support.o)
                0x0000000002005454                __gnu_unwind_execute
 .text.__gnu_unwind_frame
                0x0000000002005748       0x2c g:/programs/devkitpro/devkitarm/bin/../lib/gcc/arm-none-eabi/8.3.0/thumb\libgcc.a(pr-support.o)
                0x0000000002005748                __gnu_unwind_frame
 .text._Unwind_GetRegionStart
                0x0000000002005774       0x10 g:/programs/devkitpro/devkitarm/bin/../lib/gcc/arm-none-eabi/8.3.0/thumb\libgcc.a(pr-support.o)
                0x0000000002005774                _Unwind_GetRegionStart
 .text._Unwind_GetLanguageSpecificData
                0x0000000002005784       0x18 g:/programs/devkitpro/devkitarm/bin/../lib/gcc/arm-none-eabi/8.3.0/thumb\libgcc.a(pr-support.o)
                0x0000000002005784                _Unwind_GetLanguageSpecificData
 .text.unlikely._Unwind_GetDataRelBase
                0x000000000200579c        0x6 g:/programs/devkitpro/devkitarm/bin/../lib/gcc/arm-none-eabi/8.3.0/thumb\libgcc.a(pr-support.o)
                0x000000000200579c                _Unwind_GetDataRelBase
 .text.unlikely._Unwind_GetTextRelBase
                0x00000000020057a2        0x6 g:/programs/devkitpro/devkitarm/bin/../lib/gcc/arm-none-eabi/8.3.0/thumb\libgcc.a(pr-support.o)
                0x00000000020057a2                _Unwind_GetTextRelBase
 .text.abort    0x00000000020057a8       0x10 g:/programs/devkitpro/devkitarm/bin/../lib/gcc/arm-none-eabi/8.3.0/../../../../arm-none-eabi/lib/thumb\libg.a(lib_a-abort.o)
                0x00000000020057a8                abort
 .text.calloc   0x00000000020057b8       0x18 g:/programs/devkitpro/devkitarm/bin/../lib/gcc/arm-none-eabi/8.3.0/../../../../arm-none-eabi/lib/thumb\libg.a(lib_a-calloc.o)
                0x00000000020057b8                calloc
 .text._calloc_r
                0x00000000020057d0       0x64 g:/programs/devkitpro/devkitarm/bin/../lib/gcc/arm-none-eabi/8.3.0/../../../../arm-none-eabi/lib/thumb\libg.a(lib_a-callocr.o)
                0x00000000020057d0                _calloc_r
 .text.__libc_init_array
                0x0000000002005834       0x50 g:/programs/devkitpro/devkitarm/bin/../lib/gcc/arm-none-eabi/8.3.0/../../../../arm-none-eabi/lib/thumb\libg.a(lib_a-init.o)
                0x0000000002005834                __libc_init_array
 .text.iprintf  0x0000000002005884       0x24 g:/programs/devkitpro/devkitarm/bin/../lib/gcc/arm-none-eabi/8.3.0/../../../../arm-none-eabi/lib/thumb\libg.a(lib_a-iprintf.o)
                0x0000000002005884                iprintf
 .text.malloc   0x00000000020058a8       0x14 g:/programs/devkitpro/devkitarm/bin/../lib/gcc/arm-none-eabi/8.3.0/../../../../arm-none-eabi/lib/thumb\libg.a(lib_a-malloc.o)
                0x00000000020058a8                malloc
 .text.free     0x00000000020058bc       0x14 g:/programs/devkitpro/devkitarm/bin/../lib/gcc/arm-none-eabi/8.3.0/../../../../arm-none-eabi/lib/thumb\libg.a(lib_a-malloc.o)
                0x00000000020058bc                free
 .text._malloc_r
                0x00000000020058d0      0x594 g:/programs/devkitpro/devkitarm/bin/../lib/gcc/arm-none-eabi/8.3.0/../../../../arm-none-eabi/lib/thumb\libg.a(lib_a-mallocr.o)
                0x00000000020058d0                _malloc_r
 .text.memcpy   0x0000000002005e64       0xac g:/programs/devkitpro/devkitarm/bin/../lib/gcc/arm-none-eabi/8.3.0/../../../../arm-none-eabi/lib/thumb\libg.a(lib_a-memcpy-stub.o)
                0x0000000002005e64                memcpy
 .text.memset   0x0000000002005f10       0xb0 g:/programs/devkitpro/devkitarm/bin/../lib/gcc/arm-none-eabi/8.3.0/../../../../arm-none-eabi/lib/thumb\libg.a(lib_a-memset.o)
                0x0000000002005f10                memset
 .text.__malloc_lock
                0x0000000002005fc0       0x14 g:/programs/devkitpro/devkitarm/bin/../lib/gcc/arm-none-eabi/8.3.0/../../../../arm-none-eabi/lib/thumb\libg.a(lib_a-mlock.o)
                0x0000000002005fc0                __malloc_lock
 .text.__malloc_unlock
                0x0000000002005fd4       0x14 g:/programs/devkitpro/devkitarm/bin/../lib/gcc/arm-none-eabi/8.3.0/../../../../arm-none-eabi/lib/thumb\libg.a(lib_a-mlock.o)
                0x0000000002005fd4                __malloc_unlock
 .text.setvbuf  0x0000000002005fe8      0x1a0 g:/programs/devkitpro/devkitarm/bin/../lib/gcc/arm-none-eabi/8.3.0/../../../../arm-none-eabi/lib/thumb\libg.a(lib_a-setvbuf.o)
                0x0000000002005fe8                setvbuf
 .text._raise_r
                0x0000000002006188       0x64 g:/programs/devkitpro/devkitarm/bin/../lib/gcc/arm-none-eabi/8.3.0/../../../../arm-none-eabi/lib/thumb\libg.a(lib_a-signal.o)
                0x0000000002006188                _raise_r
 .text.raise    0x00000000020061ec       0x14 g:/programs/devkitpro/devkitarm/bin/../lib/gcc/arm-none-eabi/8.3.0/../../../../arm-none-eabi/lib/thumb\libg.a(lib_a-signal.o)
                0x00000000020061ec                raise
 .text.siscanf  0x0000000002006200       0x4c g:/programs/devkitpro/devkitarm/bin/../lib/gcc/arm-none-eabi/8.3.0/../../../../arm-none-eabi/lib/thumb\libg.a(lib_a-siscanf.o)
                0x0000000002006200                siscanf
 .text.__sread  0x000000000200624c       0x34 g:/programs/devkitpro/devkitarm/bin/../lib/gcc/arm-none-eabi/8.3.0/../../../../arm-none-eabi/lib/thumb\libg.a(lib_a-stdio.o)
                0x000000000200624c                __sread
 .text.__seofread
                0x0000000002006280        0x4 g:/programs/devkitpro/devkitarm/bin/../lib/gcc/arm-none-eabi/8.3.0/../../../../arm-none-eabi/lib/thumb\libg.a(lib_a-stdio.o)
                0x0000000002006280                __seofread
 .text.__swrite
                0x0000000002006284       0x4c g:/programs/devkitpro/devkitarm/bin/../lib/gcc/arm-none-eabi/8.3.0/../../../../arm-none-eabi/lib/thumb\libg.a(lib_a-stdio.o)
                0x0000000002006284                __swrite
 .text.__sseek  0x00000000020062d0       0x40 g:/programs/devkitpro/devkitarm/bin/../lib/gcc/arm-none-eabi/8.3.0/../../../../arm-none-eabi/lib/thumb\libg.a(lib_a-stdio.o)
                0x00000000020062d0                __sseek
 .text.__sclose
                0x0000000002006310       0x10 g:/programs/devkitpro/devkitarm/bin/../lib/gcc/arm-none-eabi/8.3.0/../../../../arm-none-eabi/lib/thumb\libg.a(lib_a-stdio.o)
                0x0000000002006310                __sclose
 .text.strlen   0x0000000002006320       0x6c g:/programs/devkitpro/devkitarm/bin/../lib/gcc/arm-none-eabi/8.3.0/../../../../arm-none-eabi/lib/thumb\libg.a(lib_a-strlen-stub.o)
                0x0000000002006320                strlen
 .text.get_arg  0x000000000200638c       0x24 g:/programs/devkitpro/devkitarm/bin/../lib/gcc/arm-none-eabi/8.3.0/../../../../arm-none-eabi/lib/thumb\libg.a(lib_a-svfiscanf.o)
 .text._sungetc_r
                0x00000000020063b0       0x7e g:/programs/devkitpro/devkitarm/bin/../lib/gcc/arm-none-eabi/8.3.0/../../../../arm-none-eabi/lib/thumb\libg.a(lib_a-svfiscanf.o)
                0x00000000020063b0                _sungetc_r
 .text.__ssrefill_r
                0x000000000200642e       0x42 g:/programs/devkitpro/devkitarm/bin/../lib/gcc/arm-none-eabi/8.3.0/../../../../arm-none-eabi/lib/thumb\libg.a(lib_a-svfiscanf.o)
                0x000000000200642e                __ssrefill_r
 .text._sfread_r
                0x0000000002006470       0x8a g:/programs/devkitpro/devkitarm/bin/../lib/gcc/arm-none-eabi/8.3.0/../../../../arm-none-eabi/lib/thumb\libg.a(lib_a-svfiscanf.o)
                0x0000000002006470                _sfread_r
 *fill*         0x00000000020064fa        0x2 ff
 .text.__ssvfiscanf_r
                0x00000000020064fc     0x1b24 g:/programs/devkitpro/devkitarm/bin/../lib/gcc/arm-none-eabi/8.3.0/../../../../arm-none-eabi/lib/thumb\libg.a(lib_a-svfiscanf.o)
                0x00000000020064fc                __ssvfiscanf_r
 .text.__submore
                0x0000000002008020       0x88 g:/programs/devkitpro/devkitarm/bin/../lib/gcc/arm-none-eabi/8.3.0/../../../../arm-none-eabi/lib/thumb\libg.a(lib_a-ungetc.o)
                0x0000000002008020                __submore
 .text.get_arg  0x00000000020080a8      0x3c0 g:/programs/devkitpro/devkitarm/bin/../lib/gcc/arm-none-eabi/8.3.0/../../../../arm-none-eabi/lib/thumb\libg.a(lib_a-vfiprintf.o)
 .text.__sprint_r
                0x0000000002008468       0x20 g:/programs/devkitpro/devkitarm/bin/../lib/gcc/arm-none-eabi/8.3.0/../../../../arm-none-eabi/lib/thumb\libg.a(lib_a-vfiprintf.o)
                0x0000000002008468                __sprint_r
 .text._vfiprintf_r
                0x0000000002008488     0x17e8 g:/programs/devkitpro/devkitarm/bin/../lib/gcc/arm-none-eabi/8.3.0/../../../../arm-none-eabi/lib/thumb\libg.a(lib_a-vfiprintf.o)
                0x0000000002008488                _vfiprintf_r
 .text.__sbprintf
                0x0000000002009c70       0x8c g:/programs/devkitpro/devkitarm/bin/../lib/gcc/arm-none-eabi/8.3.0/../../../../arm-none-eabi/lib/thumb\libg.a(lib_a-vfiprintf.o)
 .text._wcrtomb_r
                0x0000000002009cfc       0x5c g:/programs/devkitpro/devkitarm/bin/../lib/gcc/arm-none-eabi/8.3.0/../../../../arm-none-eabi/lib/thumb\libg.a(lib_a-wcrtomb.o)
                0x0000000002009cfc                _wcrtomb_r
 .text._wcsrtombs_r
                0x0000000002009d58       0x1c g:/programs/devkitpro/devkitarm/bin/../lib/gcc/arm-none-eabi/8.3.0/../../../../arm-none-eabi/lib/thumb\libg.a(lib_a-wcsrtombs.o)
                0x0000000002009d58                _wcsrtombs_r
 .text.__swsetup_r
                0x0000000002009d74       0xe0 g:/programs/devkitpro/devkitarm/bin/../lib/gcc/arm-none-eabi/8.3.0/../../../../arm-none-eabi/lib/thumb\libg.a(lib_a-wsetup.o)
                0x0000000002009d74                __swsetup_r
 .text.__sflush_r
                0x0000000002009e54      0x1b8 g:/programs/devkitpro/devkitarm/bin/../lib/gcc/arm-none-eabi/8.3.0/../../../../arm-none-eabi/lib/thumb\libg.a(lib_a-fflush.o)
                0x0000000002009e54                __sflush_r
 .text._fflush_r
                0x000000000200a00c       0x70 g:/programs/devkitpro/devkitarm/bin/../lib/gcc/arm-none-eabi/8.3.0/../../../../arm-none-eabi/lib/thumb\libg.a(lib_a-fflush.o)
                0x000000000200a00c                _fflush_r
 .text.std      0x000000000200a07c       0x54 g:/programs/devkitpro/devkitarm/bin/../lib/gcc/arm-none-eabi/8.3.0/../../../../arm-none-eabi/lib/thumb\libg.a(lib_a-findfp.o)
 .text._cleanup_r
                0x000000000200a0d0       0x14 g:/programs/devkitpro/devkitarm/bin/../lib/gcc/arm-none-eabi/8.3.0/../../../../arm-none-eabi/lib/thumb\libg.a(lib_a-findfp.o)
                0x000000000200a0d0                _cleanup_r
 .text.__sinit  0x000000000200a0e4       0x64 g:/programs/devkitpro/devkitarm/bin/../lib/gcc/arm-none-eabi/8.3.0/../../../../arm-none-eabi/lib/thumb\libg.a(lib_a-findfp.o)
                0x000000000200a0e4                __sinit
 .text.__sfp_lock_acquire
                0x000000000200a148       0x14 g:/programs/devkitpro/devkitarm/bin/../lib/gcc/arm-none-eabi/8.3.0/../../../../arm-none-eabi/lib/thumb\libg.a(lib_a-findfp.o)
                0x000000000200a148                __sfp_lock_acquire
 .text.__sfp_lock_release
                0x000000000200a15c       0x14 g:/programs/devkitpro/devkitarm/bin/../lib/gcc/arm-none-eabi/8.3.0/../../../../arm-none-eabi/lib/thumb\libg.a(lib_a-findfp.o)
                0x000000000200a15c                __sfp_lock_release
 .text._malloc_trim_r
                0x000000000200a170       0xa4 g:/programs/devkitpro/devkitarm/bin/../lib/gcc/arm-none-eabi/8.3.0/../../../../arm-none-eabi/lib/thumb\libg.a(lib_a-freer.o)
                0x000000000200a170                _malloc_trim_r
 .text._free_r  0x000000000200a214      0x1e0 g:/programs/devkitpro/devkitarm/bin/../lib/gcc/arm-none-eabi/8.3.0/../../../../arm-none-eabi/lib/thumb\libg.a(lib_a-freer.o)
                0x000000000200a214                _free_r
 .text.__sfvwrite_r
                0x000000000200a3f4      0x348 g:/programs/devkitpro/devkitarm/bin/../lib/gcc/arm-none-eabi/8.3.0/../../../../arm-none-eabi/lib/thumb\libg.a(lib_a-fvwrite.o)
                0x000000000200a3f4                __sfvwrite_r
 .text._fwalk_reent
                0x000000000200a73c       0x54 g:/programs/devkitpro/devkitarm/bin/../lib/gcc/arm-none-eabi/8.3.0/../../../../arm-none-eabi/lib/thumb\libg.a(lib_a-fwalk.o)
                0x000000000200a73c                _fwalk_reent
 .text.iswspace
                0x000000000200a790       0x10 g:/programs/devkitpro/devkitarm/bin/../lib/gcc/arm-none-eabi/8.3.0/../../../../arm-none-eabi/lib/thumb\libg.a(lib_a-iswspace.o)
                0x000000000200a790                iswspace
 .text._localeconv_r
                0x000000000200a7a0        0x8 g:/programs/devkitpro/devkitarm/bin/../lib/gcc/arm-none-eabi/8.3.0/../../../../arm-none-eabi/lib/thumb\libg.a(lib_a-localeconv.o)
                0x000000000200a7a0                _localeconv_r
 .text.__locale_mb_cur_max
                0x000000000200a7a8       0x10 g:/programs/devkitpro/devkitarm/bin/../lib/gcc/arm-none-eabi/8.3.0/../../../../arm-none-eabi/lib/thumb\libg.a(lib_a-locale.o)
                0x000000000200a7a8                __locale_mb_cur_max
 .text.__swhatbuf_r
                0x000000000200a7b8       0x64 g:/programs/devkitpro/devkitarm/bin/../lib/gcc/arm-none-eabi/8.3.0/../../../../arm-none-eabi/lib/thumb\libg.a(lib_a-makebuf.o)
                0x000000000200a7b8                __swhatbuf_r
 .text.__smakebuf_r
                0x000000000200a81c       0x98 g:/programs/devkitpro/devkitarm/bin/../lib/gcc/arm-none-eabi/8.3.0/../../../../arm-none-eabi/lib/thumb\libg.a(lib_a-makebuf.o)
                0x000000000200a81c                __smakebuf_r
 .text._mbrtowc_r
                0x000000000200a8b4       0x60 g:/programs/devkitpro/devkitarm/bin/../lib/gcc/arm-none-eabi/8.3.0/../../../../arm-none-eabi/lib/thumb\libg.a(lib_a-mbrtowc.o)
                0x000000000200a8b4                _mbrtowc_r
 .text.__utf8_mbtowc
                0x000000000200a914      0x294 g:/programs/devkitpro/devkitarm/bin/../lib/gcc/arm-none-eabi/8.3.0/../../../../arm-none-eabi/lib/thumb\libg.a(lib_a-mbtowc_r.o)
                0x000000000200a914                __utf8_mbtowc
 .text.memchr   0x000000000200aba8       0x84 g:/programs/devkitpro/devkitarm/bin/../lib/gcc/arm-none-eabi/8.3.0/../../../../arm-none-eabi/lib/thumb\libg.a(lib_a-memchr-stub.o)
                0x000000000200aba8                memchr
 .text.memmove  0x000000000200ac2c       0xb4 g:/programs/devkitpro/devkitarm/bin/../lib/gcc/arm-none-eabi/8.3.0/../../../../arm-none-eabi/lib/thumb\libg.a(lib_a-memmove.o)
                0x000000000200ac2c                memmove
 .text.realloc  0x000000000200ace0       0x18 g:/programs/devkitpro/devkitarm/bin/../lib/gcc/arm-none-eabi/8.3.0/../../../../arm-none-eabi/lib/thumb\libg.a(lib_a-realloc.o)
                0x000000000200ace0                realloc
 .text._realloc_r
                0x000000000200acf8      0x370 g:/programs/devkitpro/devkitarm/bin/../lib/gcc/arm-none-eabi/8.3.0/../../../../arm-none-eabi/lib/thumb\libg.a(lib_a-reallocr.o)
                0x000000000200acf8                _realloc_r
 .text.__sccl   0x000000000200b068       0x78 g:/programs/devkitpro/devkitarm/bin/../lib/gcc/arm-none-eabi/8.3.0/../../../../arm-none-eabi/lib/thumb\libg.a(lib_a-sccl.o)
                0x000000000200b068                __sccl
 .text.strncpy  0x000000000200b0e0       0x84 g:/programs/devkitpro/devkitarm/bin/../lib/gcc/arm-none-eabi/8.3.0/../../../../arm-none-eabi/lib/thumb\libg.a(lib_a-strncpy.o)
                0x000000000200b0e0                strncpy
 .text._strtoll_l.isra.0
                0x000000000200b164      0x1b4 g:/programs/devkitpro/devkitarm/bin/../lib/gcc/arm-none-eabi/8.3.0/../../../../arm-none-eabi/lib/thumb\libg.a(lib_a-strtoll.o)
 .text._strtoll_r
                0x000000000200b318        0xc g:/programs/devkitpro/devkitarm/bin/../lib/gcc/arm-none-eabi/8.3.0/../../../../arm-none-eabi/lib/thumb\libg.a(lib_a-strtoll.o)
                0x000000000200b318                _strtoll_r
 .text._strtol_l.isra.0
                0x000000000200b324      0x13c g:/programs/devkitpro/devkitarm/bin/../lib/gcc/arm-none-eabi/8.3.0/../../../../arm-none-eabi/lib/thumb\libg.a(lib_a-strtol.o)
 .text._strtol_r
                0x000000000200b460        0xc g:/programs/devkitpro/devkitarm/bin/../lib/gcc/arm-none-eabi/8.3.0/../../../../arm-none-eabi/lib/thumb\libg.a(lib_a-strtol.o)
                0x000000000200b460                _strtol_r
 .text._strtoull_l.isra.0
                0x000000000200b46c      0x1c8 g:/programs/devkitpro/devkitarm/bin/../lib/gcc/arm-none-eabi/8.3.0/../../../../arm-none-eabi/lib/thumb\libg.a(lib_a-strtoull.o)
 .text._strtoull_r
                0x000000000200b634        0xc g:/programs/devkitpro/devkitarm/bin/../lib/gcc/arm-none-eabi/8.3.0/../../../../arm-none-eabi/lib/thumb\libg.a(lib_a-strtoull.o)
                0x000000000200b634                _strtoull_r
 .text._strtoul_l.isra.0
                0x000000000200b640      0x144 g:/programs/devkitpro/devkitarm/bin/../lib/gcc/arm-none-eabi/8.3.0/../../../../arm-none-eabi/lib/thumb\libg.a(lib_a-strtoul.o)
 .text._strtoul_r
                0x000000000200b784        0xc g:/programs/devkitpro/devkitarm/bin/../lib/gcc/arm-none-eabi/8.3.0/../../../../arm-none-eabi/lib/thumb\libg.a(lib_a-strtoul.o)
                0x000000000200b784                _strtoul_r
 .text._wcsnrtombs_l
                0x000000000200b790      0x134 g:/programs/devkitpro/devkitarm/bin/../lib/gcc/arm-none-eabi/8.3.0/../../../../arm-none-eabi/lib/thumb\libg.a(lib_a-wcsnrtombs.o)
                0x000000000200b790                _wcsnrtombs_l
 .text._wcsnrtombs_r
                0x000000000200b8c4       0x30 g:/programs/devkitpro/devkitarm/bin/../lib/gcc/arm-none-eabi/8.3.0/../../../../arm-none-eabi/lib/thumb\libg.a(lib_a-wcsnrtombs.o)
                0x000000000200b8c4                _wcsnrtombs_r
 .text.__utf8_wctomb
                0x000000000200b8f4       0xbc g:/programs/devkitpro/devkitarm/bin/../lib/gcc/arm-none-eabi/8.3.0/../../../../arm-none-eabi/lib/thumb\libg.a(lib_a-wctomb_r.o)
                0x000000000200b8f4                __utf8_wctomb
 .text._fclose_r
                0x000000000200b9b0       0xe4 g:/programs/devkitpro/devkitarm/bin/../lib/gcc/arm-none-eabi/8.3.0/../../../../arm-none-eabi/lib/thumb\libg.a(lib_a-fclose.o)
                0x000000000200b9b0                _fclose_r
 .text.iswspace_l
                0x000000000200ba94       0x2c g:/programs/devkitpro/devkitarm/bin/../lib/gcc/arm-none-eabi/8.3.0/../../../../arm-none-eabi/lib/thumb\libg.a(lib_a-iswspace_l.o)
                0x000000000200ba94                iswspace_l
 .text.__jp2uc  0x000000000200bac0      0x190 g:/programs/devkitpro/devkitarm/bin/../lib/gcc/arm-none-eabi/8.3.0/../../../../arm-none-eabi/lib/thumb\libg.a(lib_a-jp2uc.o)
 .text._jp2uc_l
                0x000000000200bc50       0x6c g:/programs/devkitpro/devkitarm/bin/../lib/gcc/arm-none-eabi/8.3.0/../../../../arm-none-eabi/lib/thumb\libg.a(lib_a-jp2uc.o)
                0x000000000200bc50                _jp2uc_l
 .text.category
                0x000000000200bcbc       0x58 g:/programs/devkitpro/devkitarm/bin/../lib/gcc/arm-none-eabi/8.3.0/../../../../arm-none-eabi/lib/thumb\libg.a(lib_a-categories.o)
                0x000000000200bcbc                category
 .text.null_write
                0x000000000200bd14        0x4 g:/programs/devkitpro/devkitarm/bin/../lib/gcc/arm-none-eabi/8.3.0/../../../../arm-none-eabi/lib/thumb\libsysbase.a(iosupport.o)
 .text._close_r
                0x000000000200bd18       0x5c g:/programs/devkitpro/devkitarm/bin/../lib/gcc/arm-none-eabi/8.3.0/../../../../arm-none-eabi/lib/thumb\libsysbase.a(close.o)
                0x000000000200bd18                _close_r
 .text._fstat_r
                0x000000000200bd74       0x4c g:/programs/devkitpro/devkitarm/bin/../lib/gcc/arm-none-eabi/8.3.0/../../../../arm-none-eabi/lib/thumb\libsysbase.a(fstat.o)
                0x000000000200bd74                _fstat_r
 .text._getpid_r
                0x000000000200bdc0        0xc g:/programs/devkitpro/devkitarm/bin/../lib/gcc/arm-none-eabi/8.3.0/../../../../arm-none-eabi/lib/thumb\libsysbase.a(getpid.o)
                0x000000000200bdc0                _getpid_r
 .text._isatty_r
                0x000000000200bdcc        0x4 g:/programs/devkitpro/devkitarm/bin/../lib/gcc/arm-none-eabi/8.3.0/../../../../arm-none-eabi/lib/thumb\libsysbase.a(isatty.o)
                0x000000000200bdcc                _isatty_r
 .text._kill_r  0x000000000200bdd0        0xc g:/programs/devkitpro/devkitarm/bin/../lib/gcc/arm-none-eabi/8.3.0/../../../../arm-none-eabi/lib/thumb\libsysbase.a(kill.o)
                0x000000000200bdd0                _kill_r
 .text._lseek_r
                0x000000000200bddc       0x5c g:/programs/devkitpro/devkitarm/bin/../lib/gcc/arm-none-eabi/8.3.0/../../../../arm-none-eabi/lib/thumb\libsysbase.a(lseek.o)
                0x000000000200bddc                _lseek_r
 .text._read_r  0x000000000200be38       0x50 g:/programs/devkitpro/devkitarm/bin/../lib/gcc/arm-none-eabi/8.3.0/../../../../arm-none-eabi/lib/thumb\libsysbase.a(read.o)
                0x000000000200be38                _read_r
 .text._sbrk_r  0x000000000200be88       0x54 g:/programs/devkitpro/devkitarm/bin/../lib/gcc/arm-none-eabi/8.3.0/../../../../arm-none-eabi/lib/thumb\libsysbase.a(sbrk.o)
                0x000000000200be88                _sbrk_r
 .text._write_r
                0x000000000200bedc       0x50 g:/programs/devkitpro/devkitarm/bin/../lib/gcc/arm-none-eabi/8.3.0/../../../../arm-none-eabi/lib/thumb\libsysbase.a(write.o)
                0x000000000200bedc                _write_r
 .text._exit    0x000000000200bf2c       0x18 g:/programs/devkitpro/devkitarm/bin/../lib/gcc/arm-none-eabi/8.3.0/../../../../arm-none-eabi/lib/thumb\libsysbase.a(_exit.o)
                0x000000000200bf2c                _exit
 .text.build_argv
                0x000000000200bf44       0x4c g:/programs/devkitpro/devkitarm/bin/../lib/gcc/arm-none-eabi/8.3.0/../../../../arm-none-eabi/lib/thumb\libsysbase.a(build_argv.o)
                0x000000000200bf44                build_argv
 .text.__flockfile
                0x000000000200bf90       0x10 g:/programs/devkitpro/devkitarm/bin/../lib/gcc/arm-none-eabi/8.3.0/../../../../arm-none-eabi/lib/thumb\libsysbase.a(flock.o)
                0x000000000200bf90                __flockfile
 .text.__funlockfile
                0x000000000200bfa0       0x10 g:/programs/devkitpro/devkitarm/bin/../lib/gcc/arm-none-eabi/8.3.0/../../../../arm-none-eabi/lib/thumb\libsysbase.a(flock.o)
                0x000000000200bfa0                __funlockfile
 .text.__libc_lock_acquire
                0x000000000200bfb0       0x1c g:/programs/devkitpro/devkitarm/bin/../lib/gcc/arm-none-eabi/8.3.0/../../../../arm-none-eabi/lib/thumb\libsysbase.a(syscall_support.o)
                0x000000000200bfb0                __libc_lock_acquire
 .text.__libc_lock_release
                0x000000000200bfcc       0x1c g:/programs/devkitpro/devkitarm/bin/../lib/gcc/arm-none-eabi/8.3.0/../../../../arm-none-eabi/lib/thumb\libsysbase.a(syscall_support.o)
                0x000000000200bfcc                __libc_lock_release
 .text.__libc_lock_init_recursive
                0x000000000200bfe8       0x1c g:/programs/devkitpro/devkitarm/bin/../lib/gcc/arm-none-eabi/8.3.0/../../../../arm-none-eabi/lib/thumb\libsysbase.a(syscall_support.o)
                0x000000000200bfe8                __libc_lock_init_recursive
 .text.__libc_lock_acquire_recursive
                0x000000000200c004       0x1c g:/programs/devkitpro/devkitarm/bin/../lib/gcc/arm-none-eabi/8.3.0/../../../../arm-none-eabi/lib/thumb\libsysbase.a(syscall_support.o)
                0x000000000200c004                __libc_lock_acquire_recursive
 .text.__libc_lock_release_recursive
                0x000000000200c020       0x1c g:/programs/devkitpro/devkitarm/bin/../lib/gcc/arm-none-eabi/8.3.0/../../../../arm-none-eabi/lib/thumb\libsysbase.a(syscall_support.o)
                0x000000000200c020                __libc_lock_release_recursive
 .text.__libc_lock_close_recursive
                0x000000000200c03c       0x1c g:/programs/devkitpro/devkitarm/bin/../lib/gcc/arm-none-eabi/8.3.0/../../../../arm-none-eabi/lib/thumb\libsysbase.a(syscall_support.o)
                0x000000000200c03c                __libc_lock_close_recursive
 .text.__release_handle
                0x000000000200c058       0x6c g:/programs/devkitpro/devkitarm/bin/../lib/gcc/arm-none-eabi/8.3.0/../../../../arm-none-eabi/lib/thumb\libsysbase.a(handle_manager.o)
                0x000000000200c058                __release_handle
 .text.__get_handle
                0x000000000200c0c4       0x1c g:/programs/devkitpro/devkitarm/bin/../lib/gcc/arm-none-eabi/8.3.0/../../../../arm-none-eabi/lib/thumb\libsysbase.a(handle_manager.o)
                0x000000000200c0c4                __get_handle
 .text.__getreent
                0x000000000200c0e0       0x28 g:/programs/devkitpro/devkitarm/bin/../lib/gcc/arm-none-eabi/8.3.0/../../../../arm-none-eabi/lib/thumb\libsysbase.a(getreent.o)
                0x000000000200c0e0                __getreent
 .text.__muldi3
                0x000000000200c108       0x60 g:/programs/devkitpro/devkitarm/bin/../lib/gcc/arm-none-eabi/8.3.0/thumb\libgcc.a(_muldi3.o)
                0x000000000200c108                __muldi3
                0x000000000200c108                __aeabi_lmul
 .text.__udivmoddi4
                0x000000000200c168      0x1a8 g:/programs/devkitpro/devkitarm/bin/../lib/gcc/arm-none-eabi/8.3.0/thumb\libgcc.a(_udivmoddi4.o)
                0x000000000200c168                __udivmoddi4
 .text.__udivmoddi4.__stub
                0x000000000200c310      0x100 linker stubs
 *(EXCLUDE_FILE(*.twl*) .gnu.warning)
 *(EXCLUDE_FILE(*.twl*) .gnu.linkonce.t*)
 *(.glue_7)
 .glue_7        0x000000000200c420        0x0 linker stubs
 *(.glue_7t)
 .glue_7t       0x000000000200c420        0x0 linker stubs
                0x000000000200c420                . = ALIGN (0x4)

.vfp11_veneer   0x000000000200c420        0x0
 .vfp11_veneer  0x000000000200c420        0x0 linker stubs

.v4_bx          0x000000000200c420        0x0
 .v4_bx         0x000000000200c420        0x0 linker stubs

.iplt           0x000000000200c420        0x0
 .iplt          0x000000000200c420        0x0 g:/programs/devkitpro/devkitarm/bin/../lib/gcc/arm-none-eabi/8.3.0/../../../../arm-none-eabi/lib/thumb/ds_arm9_crt0.o

.fini           0x000000000200c420        0xc
 *(.fini)
 .fini          0x000000000200c420        0x4 g:/programs/devkitpro/devkitarm/bin/../lib/gcc/arm-none-eabi/8.3.0/thumb/crti.o
                0x000000000200c420                _fini
 .fini          0x000000000200c424        0x8 g:/programs/devkitpro/devkitarm/bin/../lib/gcc/arm-none-eabi/8.3.0/thumb/crtn.o
                0x000000000200c42c                __text_end = .

.rodata         0x000000000200c42c     0x8ef0
 *(EXCLUDE_FILE(*.twl*) .rodata)
 .rodata        0x000000000200c42c       0x38 game_save_section.o
 .rodata        0x000000000200c464     0x2004 G:/Programs/devkitPro/libnds/lib\libnds9.a(default_font.bin.o)
                0x000000000200c464                default_font_bin
                0x000000000200e464                default_font_bin_size
                0x000000000200e464                default_font_bin_end
 *all.rodata*(*)
 *(EXCLUDE_FILE(*.twl*) .roda)
 *(EXCLUDE_FILE(*.twl*) .rodata.*)
 .rodata.str1.4
                0x000000000200e468       0x77 app.o
 *fill*         0x000000000200e4df        0x1 ff
 .rodata.str1.4
                0x000000000200e4e0        0x9 game_save.o
 *fill*         0x000000000200e4e9        0x3 ff
 .rodata.con_write
                0x000000000200e4ec       0xd4 G:/Programs/devkitPro/libnds/lib\libnds9.a(console.o)
 .rodata.con_write.str1.4
                0x000000000200e5c0       0x30 G:/Programs/devkitPro/libnds/lib\libnds9.a(console.o)
 .rodata.dotab_stdout
                0x000000000200e5f0       0x70 G:/Programs/devkitPro/libnds/lib\libnds9.a(console.o)
 .rodata.str1.4
                0x000000000200e660       0x14 G:/Programs/devkitPro/libnds/lib\libnds9.a(console.o)
 .rodata.SIN_LUT
                0x000000000200e674      0x102 G:/Programs/devkitPro/libnds/lib\libnds9.a(trig.o)
                0x000000000200e674                SIN_LUT
 *fill*         0x000000000200e776        0x2 ff
 .rodata._ZNKSt9bad_alloc4whatEv.str1.4
                0x000000000200e778        0xf g:/programs/devkitpro/devkitarm/bin/../lib/gcc/arm-none-eabi/8.3.0/../../../../arm-none-eabi/lib/thumb\libstdc++.a(bad_alloc.o)
 *fill*         0x000000000200e787        0x1 ff
 .rodata._ZTISt9bad_alloc
                0x000000000200e788        0xc g:/programs/devkitpro/devkitarm/bin/../lib/gcc/arm-none-eabi/8.3.0/../../../../arm-none-eabi/lib/thumb\libstdc++.a(bad_alloc.o)
                0x000000000200e788                typeinfo for std::bad_alloc
 .rodata._ZTSSt9bad_alloc
                0x000000000200e794        0xd g:/programs/devkitpro/devkitarm/bin/../lib/gcc/arm-none-eabi/8.3.0/../../../../arm-none-eabi/lib/thumb\libstdc++.a(bad_alloc.o)
                0x000000000200e794                typeinfo name for std::bad_alloc
 *fill*         0x000000000200e7a1        0x3 ff
 .rodata._ZTVSt9bad_alloc
                0x000000000200e7a4       0x14 g:/programs/devkitpro/devkitarm/bin/../lib/gcc/arm-none-eabi/8.3.0/../../../../arm-none-eabi/lib/thumb\libstdc++.a(bad_alloc.o)
                0x000000000200e7a4                vtable for std::bad_alloc
 .rodata._ZNKSt13bad_exception4whatEv.str1.4
                0x000000000200e7b8       0x13 g:/programs/devkitpro/devkitarm/bin/../lib/gcc/arm-none-eabi/8.3.0/../../../../arm-none-eabi/lib/thumb\libstdc++.a(eh_exception.o)
 *fill*         0x000000000200e7cb        0x1 ff
 .rodata._ZTIN10__cxxabiv115__forced_unwindE
                0x000000000200e7cc        0x8 g:/programs/devkitpro/devkitarm/bin/../lib/gcc/arm-none-eabi/8.3.0/../../../../arm-none-eabi/lib/thumb\libstdc++.a(eh_exception.o)
                0x000000000200e7cc                typeinfo for __cxxabiv1::__forced_unwind
 .rodata._ZTIN10__cxxabiv119__foreign_exceptionE
                0x000000000200e7d4        0x8 g:/programs/devkitpro/devkitarm/bin/../lib/gcc/arm-none-eabi/8.3.0/../../../../arm-none-eabi/lib/thumb\libstdc++.a(eh_exception.o)
                0x000000000200e7d4                typeinfo for __cxxabiv1::__foreign_exception
 .rodata._ZTISt13bad_exception
                0x000000000200e7dc        0xc g:/programs/devkitpro/devkitarm/bin/../lib/gcc/arm-none-eabi/8.3.0/../../../../arm-none-eabi/lib/thumb\libstdc++.a(eh_exception.o)
                0x000000000200e7dc                typeinfo for std::bad_exception
 .rodata._ZTISt9exception
                0x000000000200e7e8        0x8 g:/programs/devkitpro/devkitarm/bin/../lib/gcc/arm-none-eabi/8.3.0/../../../../arm-none-eabi/lib/thumb\libstdc++.a(eh_exception.o)
                0x000000000200e7e8                typeinfo for std::exception
 .rodata._ZTSN10__cxxabiv115__forced_unwindE
                0x000000000200e7f0       0x20 g:/programs/devkitpro/devkitarm/bin/../lib/gcc/arm-none-eabi/8.3.0/../../../../arm-none-eabi/lib/thumb\libstdc++.a(eh_exception.o)
                0x000000000200e7f0                typeinfo name for __cxxabiv1::__forced_unwind
 .rodata._ZTSN10__cxxabiv119__foreign_exceptionE
                0x000000000200e810       0x24 g:/programs/devkitpro/devkitarm/bin/../lib/gcc/arm-none-eabi/8.3.0/../../../../arm-none-eabi/lib/thumb\libstdc++.a(eh_exception.o)
                0x000000000200e810                typeinfo name for __cxxabiv1::__foreign_exception
 .rodata._ZTSSt13bad_exception
                0x000000000200e834       0x12 g:/programs/devkitpro/devkitarm/bin/../lib/gcc/arm-none-eabi/8.3.0/../../../../arm-none-eabi/lib/thumb\libstdc++.a(eh_exception.o)
                0x000000000200e834                typeinfo name for std::bad_exception
 *fill*         0x000000000200e846        0x2 ff
 .rodata._ZTSSt9exception
                0x000000000200e848        0xd g:/programs/devkitpro/devkitarm/bin/../lib/gcc/arm-none-eabi/8.3.0/../../../../arm-none-eabi/lib/thumb\libstdc++.a(eh_exception.o)
                0x000000000200e848                typeinfo name for std::exception
 *fill*         0x000000000200e855        0x3 ff
 .rodata._ZTVSt13bad_exception
                0x000000000200e858       0x14 g:/programs/devkitpro/devkitarm/bin/../lib/gcc/arm-none-eabi/8.3.0/../../../../arm-none-eabi/lib/thumb\libstdc++.a(eh_exception.o)
                0x000000000200e858                vtable for std::bad_exception
 .rodata._ZTIN10__cxxabiv120__si_class_type_infoE
                0x000000000200e86c        0xc g:/programs/devkitpro/devkitarm/bin/../lib/gcc/arm-none-eabi/8.3.0/../../../../arm-none-eabi/lib/thumb\libstdc++.a(si_class_type_info.o)
                0x000000000200e86c                typeinfo for __cxxabiv1::__si_class_type_info
 .rodata._ZTSN10__cxxabiv120__si_class_type_infoE
                0x000000000200e878       0x25 g:/programs/devkitpro/devkitarm/bin/../lib/gcc/arm-none-eabi/8.3.0/../../../../arm-none-eabi/lib/thumb\libstdc++.a(si_class_type_info.o)
                0x000000000200e878                typeinfo name for __cxxabiv1::__si_class_type_info
 *fill*         0x000000000200e89d        0x3 ff
 .rodata._ZTVN10__cxxabiv120__si_class_type_infoE
                0x000000000200e8a0       0x2c g:/programs/devkitpro/devkitarm/bin/../lib/gcc/arm-none-eabi/8.3.0/../../../../arm-none-eabi/lib/thumb\libstdc++.a(si_class_type_info.o)
                0x000000000200e8a0                vtable for __cxxabiv1::__si_class_type_info
 .rodata._ZTISt9type_info
                0x000000000200e8cc        0x8 g:/programs/devkitpro/devkitarm/bin/../lib/gcc/arm-none-eabi/8.3.0/../../../../arm-none-eabi/lib/thumb\libstdc++.a(tinfo.o)
                0x000000000200e8cc                typeinfo for std::type_info
 .rodata._ZTSSt9type_info
                0x000000000200e8d4        0xd g:/programs/devkitpro/devkitarm/bin/../lib/gcc/arm-none-eabi/8.3.0/../../../../arm-none-eabi/lib/thumb\libstdc++.a(tinfo.o)
                0x000000000200e8d4                typeinfo name for std::type_info
 *fill*         0x000000000200e8e1        0x3 ff
 .rodata._ZL28read_encoded_value_with_basehjPKhPj
                0x000000000200e8e4       0x34 g:/programs/devkitpro/devkitarm/bin/../lib/gcc/arm-none-eabi/8.3.0/../../../../arm-none-eabi/lib/thumb\libstdc++.a(eh_personality.o)
 .rodata._ZTIN10__cxxabiv117__class_type_infoE
                0x000000000200e918        0xc g:/programs/devkitpro/devkitarm/bin/../lib/gcc/arm-none-eabi/8.3.0/../../../../arm-none-eabi/lib/thumb\libstdc++.a(class_type_info.o)
                0x000000000200e918                typeinfo for __cxxabiv1::__class_type_info
 .rodata._ZTSN10__cxxabiv117__class_type_infoE
                0x000000000200e924       0x22 g:/programs/devkitpro/devkitarm/bin/../lib/gcc/arm-none-eabi/8.3.0/../../../../arm-none-eabi/lib/thumb\libstdc++.a(class_type_info.o)
                0x000000000200e924                typeinfo name for __cxxabiv1::__class_type_info
 *fill*         0x000000000200e946        0x2 ff
 .rodata._ZTVN10__cxxabiv117__class_type_infoE
                0x000000000200e948       0x2c g:/programs/devkitpro/devkitarm/bin/../lib/gcc/arm-none-eabi/8.3.0/../../../../arm-none-eabi/lib/thumb\libstdc++.a(class_type_info.o)
                0x000000000200e948                vtable for __cxxabiv1::__class_type_info
 .rodata.basefix.6979
                0x000000000200e974       0x22 g:/programs/devkitpro/devkitarm/bin/../lib/gcc/arm-none-eabi/8.3.0/../../../../arm-none-eabi/lib/thumb\libg.a(lib_a-svfiscanf.o)
 .rodata._vfiprintf_r.str1.1
                0x000000000200e996       0x29 g:/programs/devkitpro/devkitarm/bin/../lib/gcc/arm-none-eabi/8.3.0/../../../../arm-none-eabi/lib/thumb\libg.a(lib_a-vfiprintf.o)
 *fill*         0x000000000200e9bf        0x1 ff
 .rodata.blanks.7416
                0x000000000200e9c0       0x10 g:/programs/devkitpro/devkitarm/bin/../lib/gcc/arm-none-eabi/8.3.0/../../../../arm-none-eabi/lib/thumb\libg.a(lib_a-vfiprintf.o)
 .rodata.zeroes.7417
                0x000000000200e9d0       0x10 g:/programs/devkitpro/devkitarm/bin/../lib/gcc/arm-none-eabi/8.3.0/../../../../arm-none-eabi/lib/thumb\libg.a(lib_a-vfiprintf.o)
 .rodata._ctype_
                0x000000000200e9e0      0x101 g:/programs/devkitpro/devkitarm/bin/../lib/gcc/arm-none-eabi/8.3.0/../../../../arm-none-eabi/lib/thumb\libg.a(lib_a-ctype_.o)
                0x000000000200e9e0                _ctype_
 *fill*         0x000000000200eae1        0x3 ff
 .rodata.str1.4
                0x000000000200eae4       0x48 g:/programs/devkitpro/devkitarm/bin/../lib/gcc/arm-none-eabi/8.3.0/../../../../arm-none-eabi/lib/thumb\libg.a(lib_a-locale.o)
                                         0x4c (size before relaxing)
 .rodata._mbrtowc_r.str1.4
                0x000000000200eb2c        0x1 g:/programs/devkitpro/devkitarm/bin/../lib/gcc/arm-none-eabi/8.3.0/../../../../arm-none-eabi/lib/thumb\libg.a(lib_a-mbrtowc.o)
 .rodata.__action_table
                0x000000000200eb2c       0x6c g:/programs/devkitpro/devkitarm/bin/../lib/gcc/arm-none-eabi/8.3.0/../../../../arm-none-eabi/lib/thumb\libg.a(lib_a-svfiprintf.o)
                0x000000000200eb2c                __action_table
 .rodata.__chclass
                0x000000000200eb98      0x100 g:/programs/devkitpro/devkitarm/bin/../lib/gcc/arm-none-eabi/8.3.0/../../../../arm-none-eabi/lib/thumb\libg.a(lib_a-svfiprintf.o)
                0x000000000200eb98                __chclass
 .rodata.__state_table
                0x000000000200ec98       0x6c g:/programs/devkitpro/devkitarm/bin/../lib/gcc/arm-none-eabi/8.3.0/../../../../arm-none-eabi/lib/thumb\libg.a(lib_a-svfiprintf.o)
                0x000000000200ec98                __state_table
 .rodata.__jp2uc
                0x000000000200ed04       0x20 g:/programs/devkitpro/devkitarm/bin/../lib/gcc/arm-none-eabi/8.3.0/../../../../arm-none-eabi/lib/thumb\libg.a(lib_a-jp2uc.o)
 .rodata._jp2uc_l.str1.4
                0x000000000200ed24       0x12 g:/programs/devkitpro/devkitarm/bin/../lib/gcc/arm-none-eabi/8.3.0/../../../../arm-none-eabi/lib/thumb\libg.a(lib_a-jp2uc.o)
 *fill*         0x000000000200ed36        0x2 ff
 .rodata.a1     0x000000000200ed38       0xbc g:/programs/devkitpro/devkitarm/bin/../lib/gcc/arm-none-eabi/8.3.0/../../../../arm-none-eabi/lib/thumb\libg.a(lib_a-jp2uc.o)
 .rodata.a2     0x000000000200edf4       0xbc g:/programs/devkitpro/devkitarm/bin/../lib/gcc/arm-none-eabi/8.3.0/../../../../arm-none-eabi/lib/thumb\libg.a(lib_a-jp2uc.o)
 .rodata.a3     0x000000000200eeb0       0x5b g:/programs/devkitpro/devkitarm/bin/../lib/gcc/arm-none-eabi/8.3.0/../../../../arm-none-eabi/lib/thumb\libg.a(lib_a-jp2uc.o)
 *fill*         0x000000000200ef0b        0x1 ff
 .rodata.a6     0x000000000200ef0c       0x70 g:/programs/devkitpro/devkitarm/bin/../lib/gcc/arm-none-eabi/8.3.0/../../../../arm-none-eabi/lib/thumb\libg.a(lib_a-jp2uc.o)
 .rodata.a7     0x000000000200ef7c       0xa2 g:/programs/devkitpro/devkitarm/bin/../lib/gcc/arm-none-eabi/8.3.0/../../../../arm-none-eabi/lib/thumb\libg.a(lib_a-jp2uc.o)
 *fill*         0x000000000200f01e        0x2 ff
 .rodata.a8     0x000000000200f020       0x40 g:/programs/devkitpro/devkitarm/bin/../lib/gcc/arm-none-eabi/8.3.0/../../../../arm-none-eabi/lib/thumb\libg.a(lib_a-jp2uc.o)
 .rodata.b02cf  0x000000000200f060     0x172a g:/programs/devkitpro/devkitarm/bin/../lib/gcc/arm-none-eabi/8.3.0/../../../../arm-none-eabi/lib/thumb\libg.a(lib_a-jp2uc.o)
 *fill*         0x000000000201078a        0x2 ff
 .rodata.d02f4  0x000000000201078c     0x1a7c g:/programs/devkitpro/devkitarm/bin/../lib/gcc/arm-none-eabi/8.3.0/../../../../arm-none-eabi/lib/thumb\libg.a(lib_a-jp2uc.o)
 .rodata.categories
                0x0000000002012208     0x309c g:/programs/devkitpro/devkitarm/bin/../lib/gcc/arm-none-eabi/8.3.0/../../../../arm-none-eabi/lib/thumb\libg.a(lib_a-categories.o)
 .rodata.AddDevice.str1.4
                0x00000000020152a4        0x8 g:/programs/devkitpro/devkitarm/bin/../lib/gcc/arm-none-eabi/8.3.0/../../../../arm-none-eabi/lib/thumb\libsysbase.a(iosupport.o)
 .rodata.dotab_stdnull
                0x00000000020152ac       0x70 g:/programs/devkitpro/devkitarm/bin/../lib/gcc/arm-none-eabi/8.3.0/../../../../arm-none-eabi/lib/thumb\libsysbase.a(iosupport.o)
                0x00000000020152ac                dotab_stdnull
 *(EXCLUDE_FILE(*.twl*) .gnu.linkonce.r*)
                0x000000000201531c                . = ALIGN (0x4)

.ARM.extab      0x000000000201531c       0xcc
 *(.ARM.extab* .gnu.linkonce.armextab.*)
 .ARM.extab.text.__cxa_begin_catch
                0x000000000201531c        0xc g:/programs/devkitpro/devkitarm/bin/../lib/gcc/arm-none-eabi/8.3.0/../../../../arm-none-eabi/lib/thumb\libstdc++.a(eh_catch.o)
 .ARM.extab.text._ZNK10__cxxabiv120__si_class_type_info12__do_dyncastEiNS_17__class_type_info10__sub_kindEPKS1_PKvS4_S6_RNS1_16__dyncast_resultE
                0x0000000002015328        0xc g:/programs/devkitpro/devkitarm/bin/../lib/gcc/arm-none-eabi/8.3.0/../../../../arm-none-eabi/lib/thumb\libstdc++.a(si_class_type_info.o)
 .ARM.extab.text._ZN10__cxxabiv111__terminateEPFvvE
                0x0000000002015334       0x28 g:/programs/devkitpro/devkitarm/bin/../lib/gcc/arm-none-eabi/8.3.0/../../../../arm-none-eabi/lib/thumb\libstdc++.a(eh_terminate.o)
 .ARM.extab.text.__gxx_personality_v0
                0x000000000201535c       0x28 g:/programs/devkitpro/devkitarm/bin/../lib/gcc/arm-none-eabi/8.3.0/../../../../arm-none-eabi/lib/thumb\libstdc++.a(eh_personality.o)
 .ARM.extab.text.__cxa_type_match
                0x0000000002015384        0xc g:/programs/devkitpro/devkitarm/bin/../lib/gcc/arm-none-eabi/8.3.0/../../../../arm-none-eabi/lib/thumb\libstdc++.a(eh_arm.o)
 .ARM.extab.text.unlikely.__cxa_call_unexpected
                0x0000000002015390       0x28 g:/programs/devkitpro/devkitarm/bin/../lib/gcc/arm-none-eabi/8.3.0/../../../../arm-none-eabi/lib/thumb\libstdc++.a(eh_call.o)
 .ARM.extab.text.unwind_phase2_forced
                0x00000000020153b8        0xc g:/programs/devkitpro/devkitarm/bin/../lib/gcc/arm-none-eabi/8.3.0/thumb\libgcc.a(unwind-arm.o)
 .ARM.extab.text.__gnu_unwind_pr_common
                0x00000000020153c4        0xc g:/programs/devkitpro/devkitarm/bin/../lib/gcc/arm-none-eabi/8.3.0/thumb\libgcc.a(unwind-arm.o)
 .ARM.extab.text._Unwind_VRS_Pop
                0x00000000020153d0        0xc g:/programs/devkitpro/devkitarm/bin/../lib/gcc/arm-none-eabi/8.3.0/thumb\libgcc.a(unwind-arm.o)
 .ARM.extab.text.__gnu_unwind_execute
                0x00000000020153dc        0xc g:/programs/devkitpro/devkitarm/bin/../lib/gcc/arm-none-eabi/8.3.0/thumb\libgcc.a(pr-support.o)
                0x00000000020153e8                __exidx_start = .

ARM.exidx       0x00000000020153e8      0x1a0
 *(.ARM.exidx* .gnu.linkonce.armexidx.*)
 .ARM.exidx.text._Znwj
                0x00000000020153e8        0x8 g:/programs/devkitpro/devkitarm/bin/../lib/gcc/arm-none-eabi/8.3.0/../../../../arm-none-eabi/lib/thumb\libstdc++.a(new_op.o)
 .ARM.exidx.text._ZNKSt9bad_alloc4whatEv
                0x00000000020153f0        0x8 g:/programs/devkitpro/devkitarm/bin/../lib/gcc/arm-none-eabi/8.3.0/../../../../arm-none-eabi/lib/thumb\libstdc++.a(bad_alloc.o)
 .ARM.exidx.text._ZNSt9bad_allocD2Ev
                0x00000000020153f8        0x0 g:/programs/devkitpro/devkitarm/bin/../lib/gcc/arm-none-eabi/8.3.0/../../../../arm-none-eabi/lib/thumb\libstdc++.a(bad_alloc.o)
                                          0x8 (size before relaxing)
 .ARM.exidx.text._ZNSt9bad_allocD0Ev
                0x00000000020153f8        0x0 g:/programs/devkitpro/devkitarm/bin/../lib/gcc/arm-none-eabi/8.3.0/../../../../arm-none-eabi/lib/thumb\libstdc++.a(bad_alloc.o)
                                          0x8 (size before relaxing)
 .ARM.exidx.text._ZSt15get_new_handlerv
                0x00000000020153f8        0x0 g:/programs/devkitpro/devkitarm/bin/../lib/gcc/arm-none-eabi/8.3.0/../../../../arm-none-eabi/lib/thumb\libstdc++.a(new_handler.o)
                                          0x8 (size before relaxing)
 .ARM.exidx.text._ZNSt9exceptionD2Ev
                0x00000000020153f8        0x0 g:/programs/devkitpro/devkitarm/bin/../lib/gcc/arm-none-eabi/8.3.0/../../../../arm-none-eabi/lib/thumb\libstdc++.a(eh_exception.o)
                                          0x8 (size before relaxing)
 .ARM.exidx.text._ZNSt13bad_exceptionD2Ev
                0x00000000020153f8        0x0 g:/programs/devkitpro/devkitarm/bin/../lib/gcc/arm-none-eabi/8.3.0/../../../../arm-none-eabi/lib/thumb\libstdc++.a(eh_exception.o)
                                          0x8 (size before relaxing)
 .ARM.exidx.text._ZNKSt13bad_exception4whatEv
                0x00000000020153f8        0x0 g:/programs/devkitpro/devkitarm/bin/../lib/gcc/arm-none-eabi/8.3.0/../../../../arm-none-eabi/lib/thumb\libstdc++.a(eh_exception.o)
                                          0x8 (size before relaxing)
 .ARM.exidx.text._ZNSt13bad_exceptionD0Ev
                0x00000000020153f8        0x0 g:/programs/devkitpro/devkitarm/bin/../lib/gcc/arm-none-eabi/8.3.0/../../../../arm-none-eabi/lib/thumb\libstdc++.a(eh_exception.o)
                                          0x8 (size before relaxing)
 .ARM.exidx.text._ZdlPvj
                0x00000000020153f8        0x0 g:/programs/devkitpro/devkitarm/bin/../lib/gcc/arm-none-eabi/8.3.0/../../../../arm-none-eabi/lib/thumb\libstdc++.a(del_ops.o)
                                          0x8 (size before relaxing)
 .ARM.exidx.text._ZL23__gxx_exception_cleanup19_Unwind_Reason_CodeP21_Unwind_Control_Block
                0x00000000020153f8        0x8 g:/programs/devkitpro/devkitarm/bin/../lib/gcc/arm-none-eabi/8.3.0/../../../../arm-none-eabi/lib/thumb\libstdc++.a(eh_throw.o)
 .ARM.exidx.text.__cxa_init_primary_exception
                0x0000000002015400        0x8 g:/programs/devkitpro/devkitarm/bin/../lib/gcc/arm-none-eabi/8.3.0/../../../../arm-none-eabi/lib/thumb\libstdc++.a(eh_throw.o)
 .ARM.exidx.text.__cxa_throw
                0x0000000002015408        0x8 g:/programs/devkitpro/devkitarm/bin/../lib/gcc/arm-none-eabi/8.3.0/../../../../arm-none-eabi/lib/thumb\libstdc++.a(eh_throw.o)
 .ARM.exidx.text.__cxa_rethrow
                0x0000000002015410        0x8 g:/programs/devkitpro/devkitarm/bin/../lib/gcc/arm-none-eabi/8.3.0/../../../../arm-none-eabi/lib/thumb\libstdc++.a(eh_throw.o)
 .ARM.exidx.text.__cxa_begin_catch
                0x0000000002015418        0x8 g:/programs/devkitpro/devkitarm/bin/../lib/gcc/arm-none-eabi/8.3.0/../../../../arm-none-eabi/lib/thumb\libstdc++.a(eh_catch.o)
 .ARM.exidx.text.__cxa_end_catch
                0x0000000002015420        0x8 g:/programs/devkitpro/devkitarm/bin/../lib/gcc/arm-none-eabi/8.3.0/../../../../arm-none-eabi/lib/thumb\libstdc++.a(eh_catch.o)
 .ARM.exidx.text._ZN12_GLOBAL__N_14pool4freeEPv.constprop.4
                0x0000000002015428        0x8 g:/programs/devkitpro/devkitarm/bin/../lib/gcc/arm-none-eabi/8.3.0/../../../../arm-none-eabi/lib/thumb\libstdc++.a(eh_alloc.o)
 .ARM.exidx.text._ZN12_GLOBAL__N_14pool8allocateEj.constprop.5
                0x0000000002015430        0x0 g:/programs/devkitpro/devkitarm/bin/../lib/gcc/arm-none-eabi/8.3.0/../../../../arm-none-eabi/lib/thumb\libstdc++.a(eh_alloc.o)
                                          0x8 (size before relaxing)
 .ARM.exidx.text.__cxa_allocate_exception
                0x0000000002015430        0x0 g:/programs/devkitpro/devkitarm/bin/../lib/gcc/arm-none-eabi/8.3.0/../../../../arm-none-eabi/lib/thumb\libstdc++.a(eh_alloc.o)
                                          0x8 (size before relaxing)
 .ARM.exidx.text.__cxa_free_exception
                0x0000000002015430        0x0 g:/programs/devkitpro/devkitarm/bin/../lib/gcc/arm-none-eabi/8.3.0/../../../../arm-none-eabi/lib/thumb\libstdc++.a(eh_alloc.o)
                                          0x8 (size before relaxing)
 .ARM.exidx.text.startup._GLOBAL__sub_I__ZN9__gnu_cxx9__freeresEv
                0x0000000002015430        0x0 g:/programs/devkitpro/devkitarm/bin/../lib/gcc/arm-none-eabi/8.3.0/../../../../arm-none-eabi/lib/thumb\libstdc++.a(eh_alloc.o)
                                          0x8 (size before relaxing)
 .ARM.exidx.text._ZdlPv
                0x0000000002015430        0x0 g:/programs/devkitpro/devkitarm/bin/../lib/gcc/arm-none-eabi/8.3.0/../../../../arm-none-eabi/lib/thumb\libstdc++.a(del_op.o)
                                          0x8 (size before relaxing)
 .ARM.exidx.text._ZN10__cxxabiv120__si_class_type_infoD2Ev
                0x0000000002015430        0x0 g:/programs/devkitpro/devkitarm/bin/../lib/gcc/arm-none-eabi/8.3.0/../../../../arm-none-eabi/lib/thumb\libstdc++.a(si_class_type_info.o)
                                          0x8 (size before relaxing)
 .ARM.exidx.text._ZN10__cxxabiv120__si_class_type_infoD0Ev
                0x0000000002015430        0x0 g:/programs/devkitpro/devkitarm/bin/../lib/gcc/arm-none-eabi/8.3.0/../../../../arm-none-eabi/lib/thumb\libstdc++.a(si_class_type_info.o)
                                          0x8 (size before relaxing)
 .ARM.exidx.text._ZNK10__cxxabiv120__si_class_type_info20__do_find_public_srcEiPKvPKNS_17__class_type_infoES2_
                0x0000000002015430        0x8 g:/programs/devkitpro/devkitarm/bin/../lib/gcc/arm-none-eabi/8.3.0/../../../../arm-none-eabi/lib/thumb\libstdc++.a(si_class_type_info.o)
 .ARM.exidx.text._ZNK10__cxxabiv120__si_class_type_info12__do_dyncastEiNS_17__class_type_info10__sub_kindEPKS1_PKvS4_S6_RNS1_16__dyncast_resultE
                0x0000000002015438        0x8 g:/programs/devkitpro/devkitarm/bin/../lib/gcc/arm-none-eabi/8.3.0/../../../../arm-none-eabi/lib/thumb\libstdc++.a(si_class_type_info.o)
 .ARM.exidx.text._ZNK10__cxxabiv120__si_class_type_info11__do_upcastEPKNS_17__class_type_infoEPKvRNS1_15__upcast_resultE
                0x0000000002015440        0x8 g:/programs/devkitpro/devkitarm/bin/../lib/gcc/arm-none-eabi/8.3.0/../../../../arm-none-eabi/lib/thumb\libstdc++.a(si_class_type_info.o)
 .ARM.exidx.text.__cxa_get_globals_fast
                0x0000000002015448        0x8 g:/programs/devkitpro/devkitarm/bin/../lib/gcc/arm-none-eabi/8.3.0/../../../../arm-none-eabi/lib/thumb\libstdc++.a(eh_globals.o)
 .ARM.exidx.text.__cxa_get_globals
                0x0000000002015450        0x0 g:/programs/devkitpro/devkitarm/bin/../lib/gcc/arm-none-eabi/8.3.0/../../../../arm-none-eabi/lib/thumb\libstdc++.a(eh_globals.o)
                                          0x8 (size before relaxing)
 .ARM.exidx.text._ZN10__cxxabiv111__terminateEPFvvE
                0x0000000002015450        0x8 g:/programs/devkitpro/devkitarm/bin/../lib/gcc/arm-none-eabi/8.3.0/../../../../arm-none-eabi/lib/thumb\libstdc++.a(eh_terminate.o)
 .ARM.exidx.text._ZSt9terminatev
                0x0000000002015458        0x8 g:/programs/devkitpro/devkitarm/bin/../lib/gcc/arm-none-eabi/8.3.0/../../../../arm-none-eabi/lib/thumb\libstdc++.a(eh_terminate.o)
 .ARM.exidx.text._ZN10__cxxabiv112__unexpectedEPFvvE
                0x0000000002015460        0x8 g:/programs/devkitpro/devkitarm/bin/../lib/gcc/arm-none-eabi/8.3.0/../../../../arm-none-eabi/lib/thumb\libstdc++.a(eh_terminate.o)
 .ARM.exidx.text._ZSt10unexpectedv
                0x0000000002015468        0x0 g:/programs/devkitpro/devkitarm/bin/../lib/gcc/arm-none-eabi/8.3.0/../../../../arm-none-eabi/lib/thumb\libstdc++.a(eh_terminate.o)
                                          0x8 (size before relaxing)
 .ARM.exidx.text._ZSt13get_terminatev
                0x0000000002015468        0x8 g:/programs/devkitpro/devkitarm/bin/../lib/gcc/arm-none-eabi/8.3.0/../../../../arm-none-eabi/lib/thumb\libstdc++.a(eh_terminate.o)
 .ARM.exidx.text._ZSt14get_unexpectedv
                0x0000000002015470        0x0 g:/programs/devkitpro/devkitarm/bin/../lib/gcc/arm-none-eabi/8.3.0/../../../../arm-none-eabi/lib/thumb\libstdc++.a(eh_terminate.o)
                                          0x8 (size before relaxing)
 .ARM.exidx.text._ZNSt9type_infoD2Ev
                0x0000000002015470        0x0 g:/programs/devkitpro/devkitarm/bin/../lib/gcc/arm-none-eabi/8.3.0/../../../../arm-none-eabi/lib/thumb\libstdc++.a(tinfo.o)
                                          0x8 (size before relaxing)